<html>
<body>
<pre>
<h1>µVision Build Log</h1>
<h2>Tool Versions:</h2>
IDE-Version: ¦ÌVision V5.43.1.0
Copyright (C) 2025 ARM Ltd and ARM Germany GmbH. All rights reserved.
License Information: 1 hanyu1017@outlook.com
2
User-based license: Keil MDK Community (non-commercial free of charge)
Valid until: Jun 1 2033. Cached until: Nov 6 2025
 
Tool Versions:
Toolchain:       Keil MDK Community (non-commercial free of charge  Version: 5.43.0.0
Toolchain Path:  D:\software\mdk5\ARM\ARMCLANG\Bin
C Compiler:      ArmClang.exe V6.24
Assembler:       Armasm.exe V6.24
Linker/Locator:  ArmLink.exe V6.24
Library Manager: ArmAr.exe V6.24
Hex Converter:   FromElf.exe V6.24
CPU DLL:         SARMCM3.DLL V5.43.0.0
Dialog DLL:      DARMCM1.DLL V1.19.6.0
Target DLL:      UL2CM3.DLL V1.164.16.0
Dialog DLL:      TARMCM1.DLL V1.14.6.0
 
<h2>Project:</h2>
D:\Pro_git\Pro_local\qv_frame\qv_frame_hc32l1\project\MDK\template.uvprojx
Project File Date:  10/27/2025

<h2>Output:</h2>
*** Using Compiler 'V6.24', folder: 'D:\software\mdk5\ARM\ARMCLANG\Bin'
Build target 'HC32L196'
compiling system_hc32l19x.c...
compiling task_mid.c...
compiling bgr.c...
compiling task_low.c...
compiling ddl.c...
compiling adc.c...
compiling main.c...
compiling interrupts_hc32l19x.c...
compiling bsp.c...
compiling task_high.c...
compiling flash.c...
compiling sysctrl.c...
compiling aes.c...
compiling adt.c...
compiling bt.c...
compiling crc.c...
compiling dmac.c...
compiling gpio.c...
compiling i2c.c...
compiling lpm.c...
compiling lptim.c...
compiling lpuart.c...
compiling reset.c...
compiling rtc.c...
compiling spi.c...
compiling trng.c...
compiling trim.c...
compiling wdt.c...
compiling uart.c...
compiling vc.c...
compiling period_high.c...
compiling timer3.c...
compiling period_mid.c...
compiling period_low.c...
linking...
Program Size: Code=4500 RO-data=464 RW-data=4 ZI-data=4668  
FromELF: creating hex file...
".\output\release\hc32_pro.axf" - 0 Error(s), 0 Warning(s).

<h2>Software Packages used:</h2>

Package Vendor: ARM
                https://www.keil.com/pack/ARM.CMSIS.6.2.0.pack
                ARM::CMSIS@6.2.0
                CMSIS (Common Microcontroller Software Interface Standard)
   * Component: CORE Version: 6.1.1

Package Vendor: HDSC
                https://raw.githubusercontent.com/hdscmcu/pack/master/HDSC.HC32L19X.1.0.1.pack
                HDSC::HC32L19X@1.0.1
                HC32L19X ARM Cortex-M0+ Device Family Pack

<h2>Collection of Component include folders:</h2>
  ./RTE/_HC32L196
  D:/software/mdk5/pack/ARM/CMSIS/6.2.0/CMSIS/Core/Include
  D:/software/mdk5/pack/HDSC/HC32L19X/1.0.1/Device/Include

<h2>Collection of Component Files used:</h2>

   * Component: ARM::CMSIS:CORE@6.1.1
Build Time Elapsed:  00:00:01
</pre>
</body>
</html>
