Component: Arm Compiler for Embedded 6.24 Tool: armlink [5f371500]

==============================================================================

Image Symbol Table

    Local Symbols

    Symbol Name                              Value     Ov Type        Size  Object(Section)

    ../clib/division.s                       0x00000000   Number         0  aeabi_sdiv.o ABSOLUTE
    ../clib/division.s                       0x00000000   Number         0  aeabi_sdiv_div0.o ABSOLUTE
    ../clib/microlib/division.c              0x00000000   Number         0  uidiv.o ABSOLUTE
    ../clib/microlib/division.c              0x00000000   Number         0  uidiv_div0.o ABSOLUTE
    ../clib/microlib/division.c              0x00000000   Number         0  idiv_div0.o ABSOLUTE
    ../clib/microlib/division.c              0x00000000   Number         0  idiv0.o ABSOLUTE
    ../clib/microlib/init/entry.s            0x00000000   Number         0  entry.o ABSOLUTE
    ../clib/microlib/init/entry.s            0x00000000   Number         0  entry2.o ABSOLUTE
    ../clib/microlib/init/entry.s            0x00000000   Number         0  entry5.o ABSOLUTE
    ../clib/microlib/init/entry.s            0x00000000   Number         0  entry7a.o ABSOLUTE
    ../clib/microlib/init/entry.s            0x00000000   Number         0  entry7b.o ABSOLUTE
    ../clib/microlib/init/entry.s            0x00000000   Number         0  entry8a.o ABSOLUTE
    ../clib/microlib/init/entry.s            0x00000000   Number         0  entry8b.o ABSOLUTE
    ../clib/microlib/init/entry.s            0x00000000   Number         0  entry9a.o ABSOLUTE
    ../clib/microlib/init/entry.s            0x00000000   Number         0  entry9b.o ABSOLUTE
    ../clib/microlib/init/entry.s            0x00000000   Number         0  entry10a.o ABSOLUTE
    ../clib/microlib/init/entry.s            0x00000000   Number         0  entry10b.o ABSOLUTE
    ../clib/microlib/init/entry.s            0x00000000   Number         0  entry11a.o ABSOLUTE
    ../clib/microlib/init/entry.s            0x00000000   Number         0  entry11b.o ABSOLUTE
    bsp.c                                    0x00000000   Number         0  bsp.o ABSOLUTE
    dc.s                                     0x00000000   Number         0  dc.o ABSOLUTE
    ddl.c                                    0x00000000   Number         0  ddl.o ABSOLUTE
    handlers.s                               0x00000000   Number         0  handlers.o ABSOLUTE
    init.s                                   0x00000000   Number         0  init.o ABSOLUTE
    interrupts_hc32l19x.c                    0x00000000   Number         0  interrupts_hc32l19x.o ABSOLUTE
    main.c                                   0x00000000   Number         0  main.o ABSOLUTE
    period_high.c                            0x00000000   Number         0  period_high.o ABSOLUTE
    qep_hsm.c                                0x00000000   Number         0  qep_hsm.o ABSOLUTE
    qep_msm.c                                0x00000000   Number         0  qep_msm.o ABSOLUTE
    qf_act.c                                 0x00000000   Number         0  qf_act.o ABSOLUTE
    qf_actq.c                                0x00000000   Number         0  qf_actq.o ABSOLUTE
    qf_defer.c                               0x00000000   Number         0  qf_defer.o ABSOLUTE
    qf_dyn.c                                 0x00000000   Number         0  qf_dyn.o ABSOLUTE
    qf_mem.c                                 0x00000000   Number         0  qf_mem.o ABSOLUTE
    qf_ps.c                                  0x00000000   Number         0  qf_ps.o ABSOLUTE
    qf_qact.c                                0x00000000   Number         0  qf_qact.o ABSOLUTE
    qf_qeq.c                                 0x00000000   Number         0  qf_qeq.o ABSOLUTE
    qf_qmact.c                               0x00000000   Number         0  qf_qmact.o ABSOLUTE
    qf_time.c                                0x00000000   Number         0  qf_time.o ABSOLUTE
    qv.c                                     0x00000000   Number         0  qv.o ABSOLUTE
    qv_port.c                                0x00000000   Number         0  qv_port.o ABSOLUTE
    startup_hc32l19x.s                       0x00000000   Number         0  startup_hc32l19x.o ABSOLUTE
    sysctrl.c                                0x00000000   Number         0  sysctrl.o ABSOLUTE
    system_hc32l19x.c                        0x00000000   Number         0  system_hc32l19x.o ABSOLUTE
    RESET                                    0x00000000   Section      192  startup_hc32l19x.o(RESET)
    .ARM.Collect$$$$00000000                 0x000000c0   Section        0  entry.o(.ARM.Collect$$$$00000000)
    .ARM.Collect$$$$00000001                 0x000000c0   Section        4  entry2.o(.ARM.Collect$$$$00000001)
    .ARM.Collect$$$$00000004                 0x000000c4   Section        4  entry5.o(.ARM.Collect$$$$00000004)
    .ARM.Collect$$$$00000008                 0x000000c8   Section        0  entry7b.o(.ARM.Collect$$$$00000008)
    .ARM.Collect$$$$0000000A                 0x000000c8   Section        0  entry8b.o(.ARM.Collect$$$$0000000A)
    .ARM.Collect$$$$0000000B                 0x000000c8   Section        8  entry9a.o(.ARM.Collect$$$$0000000B)
    __lit__00000000                          0x000000d0   Data           4  entry2.o(.ARM.Collect$$$$00002712)
    .ARM.Collect$$$$0000000D                 0x000000d0   Section        0  entry10a.o(.ARM.Collect$$$$0000000D)
    .ARM.Collect$$$$0000000F                 0x000000d0   Section        0  entry11a.o(.ARM.Collect$$$$0000000F)
    .ARM.Collect$$$$00002712                 0x000000d0   Section        4  entry2.o(.ARM.Collect$$$$00002712)
    .text                                    0x000000d4   Section       60  startup_hc32l19x.o(.text)
    .text                                    0x00000110   Section        0  uidiv_div0.o(.text)
    .text                                    0x00000150   Section       48  init.o(.text)
    [Anonymous Symbol]                       0x00000180   Section        0  system_hc32l19x.o(.text.$Sub$$main)
    [Anonymous Symbol]                       0x0000018e   Section        0  interrupts_hc32l19x.o(.text.ADC_DAC_IRQHandler)
    [Anonymous Symbol]                       0x0000019a   Section        0  bsp.o(.text.BSP_init)
    [Anonymous Symbol]                       0x0000019c   Section        0  bsp.o(.text.BSP_start)
    __arm_cp.6_0                             0x000001bc   Number         4  bsp.o(.text.BSP_start)
    __arm_cp.6_1                             0x000001c0   Number         4  bsp.o(.text.BSP_start)
    __arm_cp.6_2                             0x000001c4   Number         4  bsp.o(.text.BSP_start)
    [Anonymous Symbol]                       0x000001c8   Section        0  interrupts_hc32l19x.o(.text.CLKTRIM_IRQHandler)
    [Anonymous Symbol]                       0x000001d0   Section        0  interrupts_hc32l19x.o(.text.DMAC_IRQHandler)
    [Anonymous Symbol]                       0x000001d8   Section        0  interrupts_hc32l19x.o(.text.FLASH_RAM_IRQHandler)
    [Anonymous Symbol]                       0x000001e4   Section        0  interrupts_hc32l19x.o(.text.HardFault_Handler)
    [Anonymous Symbol]                       0x000001f4   Section        0  interrupts_hc32l19x.o(.text.I2C0_IRQHandler)
    [Anonymous Symbol]                       0x000001fc   Section        0  interrupts_hc32l19x.o(.text.I2C1_IRQHandler)
    [Anonymous Symbol]                       0x00000204   Section        0  interrupts_hc32l19x.o(.text.LCD_IRQHandler)
    [Anonymous Symbol]                       0x0000020c   Section        0  interrupts_hc32l19x.o(.text.LPTIM0_1_IRQHandler)
    [Anonymous Symbol]                       0x00000218   Section        0  interrupts_hc32l19x.o(.text.LPUART0_IRQHandler)
    [Anonymous Symbol]                       0x00000220   Section        0  interrupts_hc32l19x.o(.text.LPUART1_IRQHandler)
    [Anonymous Symbol]                       0x00000228   Section        0  interrupts_hc32l19x.o(.text.LVD_IRQHandler)
    [Anonymous Symbol]                       0x00000230   Section        0  interrupts_hc32l19x.o(.text.PCA_IRQHandler)
    [Anonymous Symbol]                       0x00000238   Section        0  interrupts_hc32l19x.o(.text.PCNT_IRQHandler)
    [Anonymous Symbol]                       0x00000240   Section        0  interrupts_hc32l19x.o(.text.PORTA_IRQHandler)
    [Anonymous Symbol]                       0x00000248   Section        0  interrupts_hc32l19x.o(.text.PORTB_IRQHandler)
    [Anonymous Symbol]                       0x00000250   Section        0  interrupts_hc32l19x.o(.text.PORTC_E_IRQHandler)
    [Anonymous Symbol]                       0x0000025c   Section        0  interrupts_hc32l19x.o(.text.PORTD_F_IRQHandler)
    PeriodHigh_active                        0x00000269   Thumb Code    12  period_high.o(.text.PeriodHigh_active)
    [Anonymous Symbol]                       0x00000268   Section        0  period_high.o(.text.PeriodHigh_active)
    [Anonymous Symbol]                       0x00000274   Section        0  period_high.o(.text.PeriodHigh_ctor)
    __arm_cp.0_0                             0x00000290   Number         4  period_high.o(.text.PeriodHigh_ctor)
    __arm_cp.0_1                             0x00000294   Number         4  period_high.o(.text.PeriodHigh_ctor)
    PeriodHigh_initial                       0x00000299   Thumb Code    56  period_high.o(.text.PeriodHigh_initial)
    [Anonymous Symbol]                       0x00000298   Section        0  period_high.o(.text.PeriodHigh_initial)
    __arm_cp.1_0                             0x000002d0   Number         4  period_high.o(.text.PeriodHigh_initial)
    __arm_cp.1_1                             0x000002d4   Number         4  period_high.o(.text.PeriodHigh_initial)
    [Anonymous Symbol]                       0x000002d8   Section        0  qf_actq.o(.text.QActive_get_)
    [Anonymous Symbol]                       0x00000338   Section        0  qf_actq.o(.text.QActive_post_)
    __arm_cp.0_0                             0x000003e4   Number         4  qf_actq.o(.text.QActive_post_)
    __arm_cp.0_1                             0x000003e8   Number         4  qf_actq.o(.text.QActive_post_)
    [Anonymous Symbol]                       0x000003ec   Section        0  qf_qact.o(.text.QActive_register_)
    __arm_cp.1_0                             0x0000047c   Number         4  qf_qact.o(.text.QActive_register_)
    [Anonymous Symbol]                       0x00000480   Section        0  qv.o(.text.QActive_start)
    __arm_cp.5_0                             0x000004dc   Number         4  qv.o(.text.QActive_start)
    [Anonymous Symbol]                       0x000004e0   Section        0  qf_qeq.o(.text.QEQueue_init)
    __arm_cp.0_0                             0x00000518   Number         4  qf_qeq.o(.text.QEQueue_init)
    [Anonymous Symbol]                       0x0000051c   Section        0  qf_act.o(.text.QF_bzero_)
    [Anonymous Symbol]                       0x0000052c   Section        0  qv_port.o(.text.QF_crit_entry_)
    QF_crit_entry_error                      0x00000538   Number         0  qv_port.o(.text.QF_crit_entry_)
    [Anonymous Symbol]                       0x00000548   Section        0  qv_port.o(.text.QF_crit_exit_)
    QF_crit_exit_error                       0x00000554   Number         0  qv_port.o(.text.QF_crit_exit_)
    [Anonymous Symbol]                       0x00000564   Section        0  qf_dyn.o(.text.QF_gc)
    __arm_cp.4_1                             0x000005c8   Number         4  qf_dyn.o(.text.QF_gc)
    [Anonymous Symbol]                       0x000005cc   Section        0  qv.o(.text.QF_init)
    __arm_cp.2_0                             0x000005ec   Number         4  qv.o(.text.QF_init)
    __arm_cp.2_1                             0x000005f0   Number         4  qv.o(.text.QF_init)
    [Anonymous Symbol]                       0x000005f4   Section        0  qv_port.o(.text.QF_int_disable_)
    QF_int_disable_error                     0x00000600   Number         0  qv_port.o(.text.QF_int_disable_)
    [Anonymous Symbol]                       0x00000610   Section        0  qv_port.o(.text.QF_int_enable_)
    QF_int_enable_error                      0x0000061c   Number         0  qv_port.o(.text.QF_int_enable_)
    [Anonymous Symbol]                       0x0000062c   Section        0  bsp.o(.text.QF_onStartup)
    __arm_cp.7_0                             0x0000065c   Number         4  bsp.o(.text.QF_onStartup)
    __arm_cp.7_1                             0x00000660   Number         4  bsp.o(.text.QF_onStartup)
    __arm_cp.7_2                             0x00000664   Number         4  bsp.o(.text.QF_onStartup)
    __arm_cp.7_3                             0x00000668   Number         4  bsp.o(.text.QF_onStartup)
    __arm_cp.7_4                             0x0000066c   Number         4  bsp.o(.text.QF_onStartup)
    [Anonymous Symbol]                       0x00000670   Section        0  qv_port.o(.text.QF_qlog2)
    QF_qlog2_1                               0x0000067a   Number         0  qv_port.o(.text.QF_qlog2)
    QF_qlog2_2                               0x00000682   Number         0  qv_port.o(.text.QF_qlog2)
    QF_qlog2_3                               0x0000068a   Number         0  qv_port.o(.text.QF_qlog2)
    QF_qlog2_LUT                             0x00000694   Number         0  qv_port.o(.text.QF_qlog2)
    [Anonymous Symbol]                       0x000006a8   Section        0  qv.o(.text.QF_run)
    __arm_cp.4_0                             0x00000714   Number         4  qv.o(.text.QF_run)
    __arm_cp.4_1                             0x00000718   Number         4  qv.o(.text.QF_run)
    [Anonymous Symbol]                       0x0000071c   Section        0  qf_qmact.o(.text.QMActive_ctor)
    __arm_cp.0_0                             0x00000738   Number         4  qf_qmact.o(.text.QMActive_ctor)
    [Anonymous Symbol]                       0x0000073c   Section        0  qf_mem.o(.text.QMPool_put)
    __arm_cp.2_0                             0x0000079c   Number         4  qf_mem.o(.text.QMPool_put)
    [Anonymous Symbol]                       0x000007a0   Section        0  qep_msm.o(.text.QMsm_ctor)
    __arm_cp.0_1                             0x000007ac   Number         4  qep_msm.o(.text.QMsm_ctor)
    [Anonymous Symbol]                       0x000007b0   Section        0  qep_msm.o(.text.QMsm_dispatch_)
    __arm_cp.2_1                             0x000008d8   Number         4  qep_msm.o(.text.QMsm_dispatch_)
    QMsm_execTatbl_                          0x000008dd   Thumb Code    68  qep_msm.o(.text.QMsm_execTatbl_)
    [Anonymous Symbol]                       0x000008dc   Section        0  qep_msm.o(.text.QMsm_execTatbl_)
    QMsm_exitToTranSource_                   0x00000921   Thumb Code    48  qep_msm.o(.text.QMsm_exitToTranSource_)
    [Anonymous Symbol]                       0x00000920   Section        0  qep_msm.o(.text.QMsm_exitToTranSource_)
    [Anonymous Symbol]                       0x00000950   Section        0  qep_msm.o(.text.QMsm_init_)
    __arm_cp.1_0                             0x000009d0   Number         4  qep_msm.o(.text.QMsm_init_)
    [Anonymous Symbol]                       0x000009d4   Section        0  qep_msm.o(.text.QMsm_isIn_)
    __arm_cp.3_0                             0x00000a00   Number         4  qep_msm.o(.text.QMsm_isIn_)
    [Anonymous Symbol]                       0x00000a04   Section        0  qf_time.o(.text.QTimeEvt_armX)
    [Anonymous Symbol]                       0x00000a68   Section        0  qf_time.o(.text.QTimeEvt_ctorX)
    [Anonymous Symbol]                       0x00000aac   Section        0  qf_time.o(.text.QTimeEvt_init)
    [Anonymous Symbol]                       0x00000abc   Section        0  qf_time.o(.text.QTimeEvt_tick_)
    __arm_cp.7_0                             0x00000b5c   Number         4  qf_time.o(.text.QTimeEvt_tick_)
    __arm_cp.7_1                             0x00000b60   Number         4  qf_time.o(.text.QTimeEvt_tick_)
    __arm_cp.7_2                             0x00000b64   Number         4  qf_time.o(.text.QTimeEvt_tick_)
    [Anonymous Symbol]                       0x00000b68   Section        0  qv_port.o(.text.QV_init)
    [Anonymous Symbol]                       0x00000b6a   Section        0  bsp.o(.text.QV_onIdle)
    [Anonymous Symbol]                       0x00000b72   Section        0  bsp.o(.text.Q_onError)
    [Anonymous Symbol]                       0x00000b76   Section        0  interrupts_hc32l19x.o(.text.RTC_IRQHandler)
    [Anonymous Symbol]                       0x00000b7e   Section        0  interrupts_hc32l19x.o(.text.SPI0_IRQHandler)
    [Anonymous Symbol]                       0x00000b86   Section        0  interrupts_hc32l19x.o(.text.SPI1_IRQHandler)
    [Anonymous Symbol]                       0x00000b8e   Section        0  interrupts_hc32l19x.o(.text.SysTick_Handler)
    [Anonymous Symbol]                       0x00000b96   Section        0  bsp.o(.text.SysTick_IRQHandler)
    [Anonymous Symbol]                       0x00000ba4   Section        0  sysctrl.o(.text.Sysctrl_GetHClkFreq)
    __arm_cp.8_0                             0x00000c80   Number         4  sysctrl.o(.text.Sysctrl_GetHClkFreq)
    __arm_cp.8_2                             0x00000c84   Number         4  sysctrl.o(.text.Sysctrl_GetHClkFreq)
    __arm_cp.8_4                             0x00000c88   Number         4  sysctrl.o(.text.Sysctrl_GetHClkFreq)
    __arm_cp.8_5                             0x00000c8c   Number         4  sysctrl.o(.text.Sysctrl_GetHClkFreq)
    __arm_cp.8_6                             0x00000c90   Number         4  sysctrl.o(.text.Sysctrl_GetHClkFreq)
    __arm_cp.8_7                             0x00000c94   Number         4  sysctrl.o(.text.Sysctrl_GetHClkFreq)
    __arm_cp.8_8                             0x00000c98   Number         4  sysctrl.o(.text.Sysctrl_GetHClkFreq)
    [Anonymous Symbol]                       0x00000c9c   Section        0  system_hc32l19x.o(.text.SystemCoreClockUpdate)
    __arm_cp.0_0                             0x00000cb8   Number         4  system_hc32l19x.o(.text.SystemCoreClockUpdate)
    __arm_cp.0_1                             0x00000cbc   Number         4  system_hc32l19x.o(.text.SystemCoreClockUpdate)
    __arm_cp.0_2                             0x00000cc0   Number         4  system_hc32l19x.o(.text.SystemCoreClockUpdate)
    [Anonymous Symbol]                       0x00000cc4   Section        0  system_hc32l19x.o(.text.SystemInit)
    __arm_cp.1_0                             0x00000d18   Number         4  system_hc32l19x.o(.text.SystemInit)
    __arm_cp.1_1                             0x00000d1c   Number         4  system_hc32l19x.o(.text.SystemInit)
    __arm_cp.1_2                             0x00000d20   Number         4  system_hc32l19x.o(.text.SystemInit)
    __arm_cp.1_3                             0x00000d24   Number         4  system_hc32l19x.o(.text.SystemInit)
    __arm_cp.1_4                             0x00000d28   Number         4  system_hc32l19x.o(.text.SystemInit)
    __arm_cp.1_5                             0x00000d2c   Number         4  system_hc32l19x.o(.text.SystemInit)
    __arm_cp.1_6                             0x00000d30   Number         4  system_hc32l19x.o(.text.SystemInit)
    __arm_cp.1_7                             0x00000d34   Number         4  system_hc32l19x.o(.text.SystemInit)
    [Anonymous Symbol]                       0x00000d38   Section        0  interrupts_hc32l19x.o(.text.TIM0_IRQHandler)
    [Anonymous Symbol]                       0x00000d40   Section        0  interrupts_hc32l19x.o(.text.TIM1_IRQHandler)
    [Anonymous Symbol]                       0x00000d48   Section        0  interrupts_hc32l19x.o(.text.TIM2_IRQHandler)
    [Anonymous Symbol]                       0x00000d50   Section        0  interrupts_hc32l19x.o(.text.TIM3_IRQHandler)
    [Anonymous Symbol]                       0x00000d58   Section        0  interrupts_hc32l19x.o(.text.TIM4_IRQHandler)
    [Anonymous Symbol]                       0x00000d60   Section        0  interrupts_hc32l19x.o(.text.TIM5_IRQHandler)
    [Anonymous Symbol]                       0x00000d68   Section        0  interrupts_hc32l19x.o(.text.TIM6_IRQHandler)
    [Anonymous Symbol]                       0x00000d70   Section        0  interrupts_hc32l19x.o(.text.UART0_2_IRQHandler)
    [Anonymous Symbol]                       0x00000d7c   Section        0  interrupts_hc32l19x.o(.text.UART1_3_IRQHandler)
    [Anonymous Symbol]                       0x00000d88   Section        0  interrupts_hc32l19x.o(.text.VC0_IRQHandler)
    [Anonymous Symbol]                       0x00000d90   Section        0  interrupts_hc32l19x.o(.text.VC1_2_IRQHandler)
    [Anonymous Symbol]                       0x00000d9c   Section        0  interrupts_hc32l19x.o(.text.WDT_IRQHandler)
    __NVIC_SystemReset                       0x00000da5   Thumb Code    20  bsp.o(.text.__NVIC_SystemReset)
    [Anonymous Symbol]                       0x00000da4   Section        0  bsp.o(.text.__NVIC_SystemReset)
    __arm_cp.1_0                             0x00000db8   Number         4  bsp.o(.text.__NVIC_SystemReset)
    __arm_cp.1_1                             0x00000dbc   Number         4  bsp.o(.text.__NVIC_SystemReset)
    [Anonymous Symbol]                       0x00000dc0   Section        0  main.o(.text.main)
    i.__scatterload_copy                     0x00000dd4   Section       14  handlers.o(i.__scatterload_copy)
    i.__scatterload_null                     0x00000de2   Section        2  handlers.o(i.__scatterload_null)
    i.__scatterload_zeroinit                 0x00000de4   Section       14  handlers.o(i.__scatterload_zeroinit)
    PeriodHigh_active_s                      0x00000df8   Data          20  period_high.o(.rodata.PeriodHigh_active_s)
    [Anonymous Symbol]                       0x00000df8   Section        0  period_high.o(.rodata.PeriodHigh_active_s)
    PeriodHigh_initial.tatbl_                0x00000e0c   Data           8  period_high.o(.rodata.PeriodHigh_initial.tatbl_)
    [Anonymous Symbol]                       0x00000e0c   Section        0  period_high.o(.rodata.PeriodHigh_initial.tatbl_)
    QMActive_ctor.vtable                     0x00000e1c   Data          12  qf_qmact.o(.rodata.QMActive_ctor.vtable)
    [Anonymous Symbol]                       0x00000e1c   Section        0  qf_qmact.o(.rodata.QMActive_ctor.vtable)
    QMsm_ctor.vtable                         0x00000e28   Data          12  qep_msm.o(.rodata.QMsm_ctor.vtable)
    [Anonymous Symbol]                       0x00000e28   Section        0  qep_msm.o(.rodata.QMsm_ctor.vtable)
    Q_this_module_                           0x00000e34   Data           8  qep_msm.o(.rodata.Q_this_module_)
    [Anonymous Symbol]                       0x00000e34   Section        0  qep_msm.o(.rodata.Q_this_module_)
    Q_this_module_                           0x00000e3c   Data           8  qf_actq.o(.rodata.Q_this_module_)
    [Anonymous Symbol]                       0x00000e3c   Section        0  qf_actq.o(.rodata.Q_this_module_)
    Q_this_module_                           0x00000e44   Data           7  qf_dyn.o(.rodata.Q_this_module_)
    [Anonymous Symbol]                       0x00000e44   Section        0  qf_dyn.o(.rodata.Q_this_module_)
    Q_this_module_                           0x00000e4b   Data           7  qf_mem.o(.rodata.Q_this_module_)
    [Anonymous Symbol]                       0x00000e4b   Section        0  qf_mem.o(.rodata.Q_this_module_)
    Q_this_module_                           0x00000e52   Data           8  qf_qact.o(.rodata.Q_this_module_)
    [Anonymous Symbol]                       0x00000e52   Section        0  qf_qact.o(.rodata.Q_this_module_)
    Q_this_module_                           0x00000e5a   Data           7  qf_qeq.o(.rodata.Q_this_module_)
    [Anonymous Symbol]                       0x00000e5a   Section        0  qf_qeq.o(.rodata.Q_this_module_)
    Q_this_module_                           0x00000e61   Data           8  qf_time.o(.rodata.Q_this_module_)
    [Anonymous Symbol]                       0x00000e61   Section        0  qf_time.o(.rodata.Q_this_module_)
    Q_this_module_                           0x00000e69   Data           3  qv.o(.rodata.Q_this_module_)
    [Anonymous Symbol]                       0x00000e69   Section        0  qv.o(.rodata.Q_this_module_)
    Q_this_module_                           0x00000e6c   Data          14  period_high.o(.rodata.Q_this_module_)
    [Anonymous Symbol]                       0x00000e6c   Section        0  period_high.o(.rodata.Q_this_module_)
    l_msm_top_s                              0x00000e7c   Data          20  qep_msm.o(.rodata.l_msm_top_s)
    [Anonymous Symbol]                       0x00000e7c   Section        0  qep_msm.o(.rodata.l_msm_top_s)
    periodicSpec                             0x00000e90   Data          12  bsp.o(.rodata.periodicSpec)
    [Anonymous Symbol]                       0x00000e90   Section        0  bsp.o(.rodata.periodicSpec)
    BSP_start.periodicHighQSto               0x20000008   Data          40  bsp.o(.bss.BSP_start.periodicHighQSto)
    [Anonymous Symbol]                       0x20000008   Section        0  bsp.o(.bss.BSP_start.periodicHighQSto)
    STACK                                    0x20000150   Section     4096  startup_hc32l19x.o(STACK)

    Global Symbols

    Symbol Name                              Value     Ov Type        Size  Object(Section)

    BuildAttributes$$THM_ISAv3M$S$PE$A:L22$X:L11$S22$IEEE1$IW$~IW$USESV6$~STKCKD$USESV7$WCHAR32$ENUMINT$~SHL$OSPACE$EBA8$MICROLIB$REQ8$PRES8$EABIv2 0x00000000   Number         0  anon$$obj.o ABSOLUTE
    __Vectors                                0x00000000   Data           0  startup_hc32l19x.o(RESET)
    Adc_IRQHandler                            - Undefined Weak Reference
    ClkTrim_IRQHandler                        - Undefined Weak Reference
    Dac_IRQHandler                            - Undefined Weak Reference
    Dmac_IRQHandler                           - Undefined Weak Reference
    Flash_IRQHandler                          - Undefined Weak Reference
    I2c0_IRQHandler                           - Undefined Weak Reference
    I2c1_IRQHandler                           - Undefined Weak Reference
    Lcd_IRQHandler                            - Undefined Weak Reference
    LpTim0_IRQHandler                         - Undefined Weak Reference
    LpTim1_IRQHandler                         - Undefined Weak Reference
    LpUart0_IRQHandler                        - Undefined Weak Reference
    LpUart1_IRQHandler                        - Undefined Weak Reference
    Lvd_IRQHandler                            - Undefined Weak Reference
    Pca_IRQHandler                            - Undefined Weak Reference
    Pcnt_IRQHandler                           - Undefined Weak Reference
    PortA_IRQHandler                          - Undefined Weak Reference
    PortB_IRQHandler                          - Undefined Weak Reference
    PortC_IRQHandler                          - Undefined Weak Reference
    PortD_IRQHandler                          - Undefined Weak Reference
    PortE_IRQHandler                          - Undefined Weak Reference
    PortF_IRQHandler                          - Undefined Weak Reference
    Ram_IRQHandler                            - Undefined Weak Reference
    Rtc_IRQHandler                            - Undefined Weak Reference
    Spi0_IRQHandler                           - Undefined Weak Reference
    Spi1_IRQHandler                           - Undefined Weak Reference
    Tim0_IRQHandler                           - Undefined Weak Reference
    Tim1_IRQHandler                           - Undefined Weak Reference
    Tim2_IRQHandler                           - Undefined Weak Reference
    Tim3_IRQHandler                           - Undefined Weak Reference
    Tim4_IRQHandler                           - Undefined Weak Reference
    Tim5_IRQHandler                           - Undefined Weak Reference
    Tim6_IRQHandler                           - Undefined Weak Reference
    Uart0_IRQHandler                          - Undefined Weak Reference
    Uart1_IRQHandler                          - Undefined Weak Reference
    Uart2_IRQHandler                          - Undefined Weak Reference
    Uart3_IRQHandler                          - Undefined Weak Reference
    Vc0_IRQHandler                            - Undefined Weak Reference
    Vc1_IRQHandler                            - Undefined Weak Reference
    Vc2_IRQHandler                            - Undefined Weak Reference
    Wdt_IRQHandler                            - Undefined Weak Reference
    __cpp_initialize__aeabi_                  - Undefined Weak Reference
    __cxa_finalize                            - Undefined Weak Reference
    __decompress                              - Undefined Weak Reference
    _clock_init                               - Undefined Weak Reference
    _microlib_exit                            - Undefined Weak Reference
    __Vectors_End                            0x000000c0   Data           0  startup_hc32l19x.o(RESET)
    __Vectors_Size                           0x000000c0   Number         0  startup_hc32l19x.o ABSOLUTE
    __main                                   0x000000c1   Thumb Code     0  entry.o(.ARM.Collect$$$$00000000)
    _main_stk                                0x000000c1   Thumb Code     0  entry2.o(.ARM.Collect$$$$00000001)
    _main_scatterload                        0x000000c5   Thumb Code     0  entry5.o(.ARM.Collect$$$$00000004)
    __main_after_scatterload                 0x000000c9   Thumb Code     0  entry5.o(.ARM.Collect$$$$00000004)
    _main_clock                              0x000000c9   Thumb Code     0  entry7b.o(.ARM.Collect$$$$00000008)
    _main_cpp_init                           0x000000c9   Thumb Code     0  entry8b.o(.ARM.Collect$$$$0000000A)
    _main_init                               0x000000c9   Thumb Code     0  entry9a.o(.ARM.Collect$$$$0000000B)
    __rt_final_cpp                           0x000000d1   Thumb Code     0  entry10a.o(.ARM.Collect$$$$0000000D)
    __rt_final_exit                          0x000000d1   Thumb Code     0  entry11a.o(.ARM.Collect$$$$0000000F)
    Reset_Handler                            0x000000d5   Thumb Code    26  startup_hc32l19x.o(.text)
    NMI_Handler                              0x000000ef   Thumb Code     2  startup_hc32l19x.o(.text)
    SVC_Handler                              0x000000f3   Thumb Code     2  startup_hc32l19x.o(.text)
    PendSV_Handler                           0x000000f5   Thumb Code     2  startup_hc32l19x.o(.text)
    __aeabi_uidiv                            0x00000111   Thumb Code     0  uidiv_div0.o(.text)
    __aeabi_uidivmod                         0x00000111   Thumb Code    62  uidiv_div0.o(.text)
    __scatterload                            0x00000151   Thumb Code    38  init.o(.text)
    __scatterload_rt2                        0x00000151   Thumb Code     0  init.o(.text)
    main                                     0x00000181   Thumb Code    14  system_hc32l19x.o(.text.$Sub$$main)
    ADC_DAC_IRQHandler                       0x0000018f   Thumb Code    12  interrupts_hc32l19x.o(.text.ADC_DAC_IRQHandler)
    BSP_init                                 0x0000019b   Thumb Code     2  bsp.o(.text.BSP_init)
    BSP_start                                0x0000019d   Thumb Code    32  bsp.o(.text.BSP_start)
    CLKTRIM_IRQHandler                       0x000001c9   Thumb Code     8  interrupts_hc32l19x.o(.text.CLKTRIM_IRQHandler)
    DMAC_IRQHandler                          0x000001d1   Thumb Code     8  interrupts_hc32l19x.o(.text.DMAC_IRQHandler)
    FLASH_RAM_IRQHandler                     0x000001d9   Thumb Code    12  interrupts_hc32l19x.o(.text.FLASH_RAM_IRQHandler)
    HardFault_Handler                        0x000001e5   Thumb Code    16  interrupts_hc32l19x.o(.text.HardFault_Handler)
    I2C0_IRQHandler                          0x000001f5   Thumb Code     8  interrupts_hc32l19x.o(.text.I2C0_IRQHandler)
    I2C1_IRQHandler                          0x000001fd   Thumb Code     8  interrupts_hc32l19x.o(.text.I2C1_IRQHandler)
    LCD_IRQHandler                           0x00000205   Thumb Code     8  interrupts_hc32l19x.o(.text.LCD_IRQHandler)
    LPTIM0_1_IRQHandler                      0x0000020d   Thumb Code    12  interrupts_hc32l19x.o(.text.LPTIM0_1_IRQHandler)
    LPUART0_IRQHandler                       0x00000219   Thumb Code     8  interrupts_hc32l19x.o(.text.LPUART0_IRQHandler)
    LPUART1_IRQHandler                       0x00000221   Thumb Code     8  interrupts_hc32l19x.o(.text.LPUART1_IRQHandler)
    LVD_IRQHandler                           0x00000229   Thumb Code     8  interrupts_hc32l19x.o(.text.LVD_IRQHandler)
    PCA_IRQHandler                           0x00000231   Thumb Code     8  interrupts_hc32l19x.o(.text.PCA_IRQHandler)
    PCNT_IRQHandler                          0x00000239   Thumb Code     8  interrupts_hc32l19x.o(.text.PCNT_IRQHandler)
    PORTA_IRQHandler                         0x00000241   Thumb Code     8  interrupts_hc32l19x.o(.text.PORTA_IRQHandler)
    PORTB_IRQHandler                         0x00000249   Thumb Code     8  interrupts_hc32l19x.o(.text.PORTB_IRQHandler)
    PORTC_E_IRQHandler                       0x00000251   Thumb Code    12  interrupts_hc32l19x.o(.text.PORTC_E_IRQHandler)
    PORTD_F_IRQHandler                       0x0000025d   Thumb Code    12  interrupts_hc32l19x.o(.text.PORTD_F_IRQHandler)
    PeriodHigh_ctor                          0x00000275   Thumb Code    28  period_high.o(.text.PeriodHigh_ctor)
    QActive_get_                             0x000002d9   Thumb Code    96  qf_actq.o(.text.QActive_get_)
    QActive_post_                            0x00000339   Thumb Code   172  qf_actq.o(.text.QActive_post_)
    QActive_register_                        0x000003ed   Thumb Code   144  qf_qact.o(.text.QActive_register_)
    QActive_start                            0x00000481   Thumb Code    92  qv.o(.text.QActive_start)
    QEQueue_init                             0x000004e1   Thumb Code    56  qf_qeq.o(.text.QEQueue_init)
    QF_bzero_                                0x0000051d   Thumb Code    16  qf_act.o(.text.QF_bzero_)
    QF_crit_entry_                           0x0000052d   Thumb Code    20  qv_port.o(.text.QF_crit_entry_)
    QF_crit_exit_                            0x00000549   Thumb Code    20  qv_port.o(.text.QF_crit_exit_)
    QF_gc                                    0x00000565   Thumb Code   100  qf_dyn.o(.text.QF_gc)
    QF_init                                  0x000005cd   Thumb Code    32  qv.o(.text.QF_init)
    QF_int_disable_                          0x000005f5   Thumb Code    20  qv_port.o(.text.QF_int_disable_)
    QF_int_enable_                           0x00000611   Thumb Code    20  qv_port.o(.text.QF_int_enable_)
    QF_onStartup                             0x0000062d   Thumb Code    48  bsp.o(.text.QF_onStartup)
    QF_qlog2                                 0x00000671   Thumb Code    52  qv_port.o(.text.QF_qlog2)
    QF_run                                   0x000006a9   Thumb Code   108  qv.o(.text.QF_run)
    QMActive_ctor                            0x0000071d   Thumb Code    28  qf_qmact.o(.text.QMActive_ctor)
    QMPool_put                               0x0000073d   Thumb Code    96  qf_mem.o(.text.QMPool_put)
    QMsm_ctor                                0x000007a1   Thumb Code    12  qep_msm.o(.text.QMsm_ctor)
    QMsm_dispatch_                           0x000007b1   Thumb Code   296  qep_msm.o(.text.QMsm_dispatch_)
    QMsm_init_                               0x00000951   Thumb Code   128  qep_msm.o(.text.QMsm_init_)
    QMsm_isIn_                               0x000009d5   Thumb Code    44  qep_msm.o(.text.QMsm_isIn_)
    QTimeEvt_armX                            0x00000a05   Thumb Code   100  qf_time.o(.text.QTimeEvt_armX)
    QTimeEvt_ctorX                           0x00000a69   Thumb Code    68  qf_time.o(.text.QTimeEvt_ctorX)
    QTimeEvt_init                            0x00000aad   Thumb Code    16  qf_time.o(.text.QTimeEvt_init)
    QTimeEvt_tick_                           0x00000abd   Thumb Code   160  qf_time.o(.text.QTimeEvt_tick_)
    QV_init                                  0x00000b69   Thumb Code     2  qv_port.o(.text.QV_init)
    QV_onIdle                                0x00000b6b   Thumb Code     8  bsp.o(.text.QV_onIdle)
    Q_onError                                0x00000b73   Thumb Code     4  bsp.o(.text.Q_onError)
    RTC_IRQHandler                           0x00000b77   Thumb Code     8  interrupts_hc32l19x.o(.text.RTC_IRQHandler)
    SPI0_IRQHandler                          0x00000b7f   Thumb Code     8  interrupts_hc32l19x.o(.text.SPI0_IRQHandler)
    SPI1_IRQHandler                          0x00000b87   Thumb Code     8  interrupts_hc32l19x.o(.text.SPI1_IRQHandler)
    SysTick_Handler                          0x00000b8f   Thumb Code     8  interrupts_hc32l19x.o(.text.SysTick_Handler)
    SysTick_IRQHandler                       0x00000b97   Thumb Code    12  bsp.o(.text.SysTick_IRQHandler)
    Sysctrl_GetHClkFreq                      0x00000ba5   Thumb Code   220  sysctrl.o(.text.Sysctrl_GetHClkFreq)
    SystemCoreClockUpdate                    0x00000c9d   Thumb Code    28  system_hc32l19x.o(.text.SystemCoreClockUpdate)
    SystemInit                               0x00000cc5   Thumb Code    84  system_hc32l19x.o(.text.SystemInit)
    TIM0_IRQHandler                          0x00000d39   Thumb Code     8  interrupts_hc32l19x.o(.text.TIM0_IRQHandler)
    TIM1_IRQHandler                          0x00000d41   Thumb Code     8  interrupts_hc32l19x.o(.text.TIM1_IRQHandler)
    TIM2_IRQHandler                          0x00000d49   Thumb Code     8  interrupts_hc32l19x.o(.text.TIM2_IRQHandler)
    TIM3_IRQHandler                          0x00000d51   Thumb Code     8  interrupts_hc32l19x.o(.text.TIM3_IRQHandler)
    TIM4_IRQHandler                          0x00000d59   Thumb Code     8  interrupts_hc32l19x.o(.text.TIM4_IRQHandler)
    TIM5_IRQHandler                          0x00000d61   Thumb Code     8  interrupts_hc32l19x.o(.text.TIM5_IRQHandler)
    TIM6_IRQHandler                          0x00000d69   Thumb Code     8  interrupts_hc32l19x.o(.text.TIM6_IRQHandler)
    UART0_2_IRQHandler                       0x00000d71   Thumb Code    12  interrupts_hc32l19x.o(.text.UART0_2_IRQHandler)
    UART1_3_IRQHandler                       0x00000d7d   Thumb Code    12  interrupts_hc32l19x.o(.text.UART1_3_IRQHandler)
    VC0_IRQHandler                           0x00000d89   Thumb Code     8  interrupts_hc32l19x.o(.text.VC0_IRQHandler)
    VC1_2_IRQHandler                         0x00000d91   Thumb Code    12  interrupts_hc32l19x.o(.text.VC1_2_IRQHandler)
    WDT_IRQHandler                           0x00000d9d   Thumb Code     8  interrupts_hc32l19x.o(.text.WDT_IRQHandler)
    $Super$$main                             0x00000dc1   Thumb Code    20  main.o(.text.main)
    __scatterload_copy                       0x00000dd5   Thumb Code    14  handlers.o(i.__scatterload_copy)
    __scatterload_null                       0x00000de3   Thumb Code     2  handlers.o(i.__scatterload_null)
    __scatterload_zeroinit                   0x00000de5   Thumb Code    14  handlers.o(i.__scatterload_zeroinit)
    AO_Period_High                           0x00000df4   Data           4  period_high.o(.rodata.AO_Period_High)
    QF_port_module_                          0x00000e14   Data           8  qv_port.o(.rodata.QF_port_module_)
    Region$$Table$$Base                      0x00000e9c   Number         0  anon$$obj.o(Region$$Table)
    Region$$Table$$Limit                     0x00000ebc   Number         0  anon$$obj.o(Region$$Table)
    SystemCoreClock                          0x20000000   Data           4  system_hc32l19x.o(.data.SystemCoreClock)
    PeriodHigh_inst                          0x20000030   Data          60  period_high.o(.bss.PeriodHigh_inst)
    QActive_registry_                        0x2000006c   Data         132  qf_act.o(.bss.QActive_registry_)
    QF_priv_                                 0x200000f0   Data          64  qf_act.o(.bss.QF_priv_)
    QTimeEvt_timeEvtHead_                    0x20000130   Data          24  qf_time.o(.bss.QTimeEvt_timeEvtHead_)
    QV_priv_                                 0x20000148   Data           8  qv.o(.bss.QV_priv_)
    __initial_sp                             0x20001150   Data           0  startup_hc32l19x.o(STACK)



==============================================================================

Memory Map of the image

  Image Entry point : 0x000000c1

  Load Region LR_IROM1 (Base: 0x00000000, Size: 0x00000ec8, Max: 0x00040000, ABSOLUTE)

    Execution Region ER_IROM1 (Exec base: 0x00000000, Load base: 0x00000000, Size: 0x00000ebc, Max: 0x00040000, ABSOLUTE)

    Exec Addr    Load Addr    Size         Type   Attr      Idx    E Section Name        Object

    0x00000000   0x00000000   0x000000c0   Data   RO            3    RESET               startup_hc32l19x.o
    0x000000c0   0x000000c0   0x00000000   Code   RO          513  * .ARM.Collect$$$$00000000  mc_p.l(entry.o)
    0x000000c0   0x000000c0   0x00000004   Code   RO          520    .ARM.Collect$$$$00000001  mc_p.l(entry2.o)
    0x000000c4   0x000000c4   0x00000004   Code   RO          523    .ARM.Collect$$$$00000004  mc_p.l(entry5.o)
    0x000000c8   0x000000c8   0x00000000   Code   RO          525    .ARM.Collect$$$$00000008  mc_p.l(entry7b.o)
    0x000000c8   0x000000c8   0x00000000   Code   RO          527    .ARM.Collect$$$$0000000A  mc_p.l(entry8b.o)
    0x000000c8   0x000000c8   0x00000008   Code   RO          528    .ARM.Collect$$$$0000000B  mc_p.l(entry9a.o)
    0x000000d0   0x000000d0   0x00000000   Code   RO          530    .ARM.Collect$$$$0000000D  mc_p.l(entry10a.o)
    0x000000d0   0x000000d0   0x00000000   Code   RO          532    .ARM.Collect$$$$0000000F  mc_p.l(entry11a.o)
    0x000000d0   0x000000d0   0x00000004   Code   RO          521    .ARM.Collect$$$$00002712  mc_p.l(entry2.o)
    0x000000d4   0x000000d4   0x0000003c   Code   RO            4    .text               startup_hc32l19x.o
    0x00000110   0x00000110   0x0000003e   Code   RO          536    .text               mc_p.l(uidiv_div0.o)
    0x0000014e   0x0000014e   0x00000002   PAD
    0x00000150   0x00000150   0x00000030   Code   RO          542    .text               mc_p.l(init.o)
    0x00000180   0x00000180   0x0000000e   Code   RO           15    .text.$Sub$$main    system_hc32l19x.o
    0x0000018e   0x0000018e   0x0000000c   Code   RO           80    .text.ADC_DAC_IRQHandler  interrupts_hc32l19x.o
    0x0000019a   0x0000019a   0x00000002   Code   RO          123    .text.BSP_init      bsp.o
    0x0000019c   0x0000019c   0x0000002c   Code   RO          125    .text.BSP_start     bsp.o
    0x000001c8   0x000001c8   0x00000008   Code   RO           94    .text.CLKTRIM_IRQHandler  interrupts_hc32l19x.o
    0x000001d0   0x000001d0   0x00000008   Code   RO           40    .text.DMAC_IRQHandler  interrupts_hc32l19x.o
    0x000001d8   0x000001d8   0x0000000c   Code   RO           92    .text.FLASH_RAM_IRQHandler  interrupts_hc32l19x.o
    0x000001e4   0x000001e4   0x00000010   Code   RO           28    .text.HardFault_Handler  interrupts_hc32l19x.o
    0x000001f4   0x000001f4   0x00000008   Code   RO           56    .text.I2C0_IRQHandler  interrupts_hc32l19x.o
    0x000001fc   0x000001fc   0x00000008   Code   RO           58    .text.I2C1_IRQHandler  interrupts_hc32l19x.o
    0x00000204   0x00000204   0x00000008   Code   RO           90    .text.LCD_IRQHandler  interrupts_hc32l19x.o
    0x0000020c   0x0000020c   0x0000000c   Code   RO           66    .text.LPTIM0_1_IRQHandler  interrupts_hc32l19x.o
    0x00000218   0x00000218   0x00000008   Code   RO           48    .text.LPUART0_IRQHandler  interrupts_hc32l19x.o
    0x00000220   0x00000220   0x00000008   Code   RO           50    .text.LPUART1_IRQHandler  interrupts_hc32l19x.o
    0x00000228   0x00000228   0x00000008   Code   RO           88    .text.LVD_IRQHandler  interrupts_hc32l19x.o
    0x00000230   0x00000230   0x00000008   Code   RO           74    .text.PCA_IRQHandler  interrupts_hc32l19x.o
    0x00000238   0x00000238   0x00000008   Code   RO           82    .text.PCNT_IRQHandler  interrupts_hc32l19x.o
    0x00000240   0x00000240   0x00000008   Code   RO           32    .text.PORTA_IRQHandler  interrupts_hc32l19x.o
    0x00000248   0x00000248   0x00000008   Code   RO           34    .text.PORTB_IRQHandler  interrupts_hc32l19x.o
    0x00000250   0x00000250   0x0000000c   Code   RO           36    .text.PORTC_E_IRQHandler  interrupts_hc32l19x.o
    0x0000025c   0x0000025c   0x0000000c   Code   RO           38    .text.PORTD_F_IRQHandler  interrupts_hc32l19x.o
    0x00000268   0x00000268   0x0000000c   Code   RO          499    .text.PeriodHigh_active  period_high.o
    0x00000274   0x00000274   0x00000024   Code   RO          495    .text.PeriodHigh_ctor  period_high.o
    0x00000298   0x00000298   0x00000040   Code   RO          497    .text.PeriodHigh_initial  period_high.o
    0x000002d8   0x000002d8   0x00000060   Code   RO          284    .text.QActive_get_  qf_actq.o
    0x00000338   0x00000338   0x000000b4   Code   RO          280    .text.QActive_post_  qf_actq.o
    0x000003ec   0x000003ec   0x00000094   Code   RO          382    .text.QActive_register_  qf_qact.o
    0x00000480   0x00000480   0x00000060   Code   RO          463    .text.QActive_start  qv.o
    0x000004e0   0x000004e0   0x0000003c   Code   RO          396    .text.QEQueue_init  qf_qeq.o
    0x0000051c   0x0000051c   0x00000010   Code   RO          268    .text.QF_bzero_     qf_act.o
    0x0000052c   0x0000052c   0x0000001c   Code   RO          479    .text.QF_crit_entry_  qv_port.o
    0x00000548   0x00000548   0x0000001c   Code   RO          481    .text.QF_crit_exit_  qv_port.o
    0x00000564   0x00000564   0x00000068   Code   RO          330    .text.QF_gc         qf_dyn.o
    0x000005cc   0x000005cc   0x00000028   Code   RO          457    .text.QF_init       qv.o
    0x000005f4   0x000005f4   0x0000001c   Code   RO          475    .text.QF_int_disable_  qv_port.o
    0x00000610   0x00000610   0x0000001c   Code   RO          477    .text.QF_int_enable_  qv_port.o
    0x0000062c   0x0000062c   0x00000044   Code   RO          127    .text.QF_onStartup  bsp.o
    0x00000670   0x00000670   0x00000038   Code   RO          485    .text.QF_qlog2      qv_port.o
    0x000006a8   0x000006a8   0x00000074   Code   RO          461    .text.QF_run        qv.o
    0x0000071c   0x0000071c   0x00000020   Code   RO          413    .text.QMActive_ctor  qf_qmact.o
    0x0000073c   0x0000073c   0x00000064   Code   RO          349    .text.QMPool_put    qf_mem.o
    0x000007a0   0x000007a0   0x00000010   Code   RO          243    .text.QMsm_ctor     qep_msm.o
    0x000007b0   0x000007b0   0x0000012c   Code   RO          247    .text.QMsm_dispatch_  qep_msm.o
    0x000008dc   0x000008dc   0x00000044   Code   RO          251    .text.QMsm_execTatbl_  qep_msm.o
    0x00000920   0x00000920   0x00000030   Code   RO          253    .text.QMsm_exitToTranSource_  qep_msm.o
    0x00000950   0x00000950   0x00000084   Code   RO          245    .text.QMsm_init_    qep_msm.o
    0x000009d4   0x000009d4   0x00000030   Code   RO          249    .text.QMsm_isIn_    qep_msm.o
    0x00000a04   0x00000a04   0x00000064   Code   RO          425    .text.QTimeEvt_armX  qf_time.o
    0x00000a68   0x00000a68   0x00000044   Code   RO          423    .text.QTimeEvt_ctorX  qf_time.o
    0x00000aac   0x00000aac   0x00000010   Code   RO          435    .text.QTimeEvt_init  qf_time.o
    0x00000abc   0x00000abc   0x000000ac   Code   RO          437    .text.QTimeEvt_tick_  qf_time.o
    0x00000b68   0x00000b68   0x00000002   Code   RO          483    .text.QV_init       qv_port.o
    0x00000b6a   0x00000b6a   0x00000008   Code   RO          131    .text.QV_onIdle     bsp.o
    0x00000b72   0x00000b72   0x00000004   Code   RO          113    .text.Q_onError     bsp.o
    0x00000b76   0x00000b76   0x00000008   Code   RO           78    .text.RTC_IRQHandler  interrupts_hc32l19x.o
    0x00000b7e   0x00000b7e   0x00000008   Code   RO           52    .text.SPI0_IRQHandler  interrupts_hc32l19x.o
    0x00000b86   0x00000b86   0x00000008   Code   RO           54    .text.SPI1_IRQHandler  interrupts_hc32l19x.o
    0x00000b8e   0x00000b8e   0x00000008   Code   RO           30    .text.SysTick_Handler  interrupts_hc32l19x.o
    0x00000b96   0x00000b96   0x0000000c   Code   RO          121    .text.SysTick_IRQHandler  bsp.o
    0x00000ba2   0x00000ba2   0x00000002   PAD
    0x00000ba4   0x00000ba4   0x000000f8   Code   RO          181    .text.Sysctrl_GetHClkFreq  sysctrl.o
    0x00000c9c   0x00000c9c   0x00000028   Code   RO           11    .text.SystemCoreClockUpdate  system_hc32l19x.o
    0x00000cc4   0x00000cc4   0x00000074   Code   RO           13    .text.SystemInit    system_hc32l19x.o
    0x00000d38   0x00000d38   0x00000008   Code   RO           60    .text.TIM0_IRQHandler  interrupts_hc32l19x.o
    0x00000d40   0x00000d40   0x00000008   Code   RO           62    .text.TIM1_IRQHandler  interrupts_hc32l19x.o
    0x00000d48   0x00000d48   0x00000008   Code   RO           64    .text.TIM2_IRQHandler  interrupts_hc32l19x.o
    0x00000d50   0x00000d50   0x00000008   Code   RO           42    .text.TIM3_IRQHandler  interrupts_hc32l19x.o
    0x00000d58   0x00000d58   0x00000008   Code   RO           68    .text.TIM4_IRQHandler  interrupts_hc32l19x.o
    0x00000d60   0x00000d60   0x00000008   Code   RO           70    .text.TIM5_IRQHandler  interrupts_hc32l19x.o
    0x00000d68   0x00000d68   0x00000008   Code   RO           72    .text.TIM6_IRQHandler  interrupts_hc32l19x.o
    0x00000d70   0x00000d70   0x0000000c   Code   RO           44    .text.UART0_2_IRQHandler  interrupts_hc32l19x.o
    0x00000d7c   0x00000d7c   0x0000000c   Code   RO           46    .text.UART1_3_IRQHandler  interrupts_hc32l19x.o
    0x00000d88   0x00000d88   0x00000008   Code   RO           84    .text.VC0_IRQHandler  interrupts_hc32l19x.o
    0x00000d90   0x00000d90   0x0000000c   Code   RO           86    .text.VC1_2_IRQHandler  interrupts_hc32l19x.o
    0x00000d9c   0x00000d9c   0x00000008   Code   RO           76    .text.WDT_IRQHandler  interrupts_hc32l19x.o
    0x00000da4   0x00000da4   0x0000001c   Code   RO          115    .text.__NVIC_SystemReset  bsp.o
    0x00000dc0   0x00000dc0   0x00000014   Code   RO          104    .text.main          main.o
    0x00000dd4   0x00000dd4   0x0000000e   Code   RO          546    i.__scatterload_copy  mc_p.l(handlers.o)
    0x00000de2   0x00000de2   0x00000002   Code   RO          547    i.__scatterload_null  mc_p.l(handlers.o)
    0x00000de4   0x00000de4   0x0000000e   Code   RO          548    i.__scatterload_zeroinit  mc_p.l(handlers.o)
    0x00000df2   0x00000df2   0x00000002   PAD
    0x00000df4   0x00000df4   0x00000004   Data   RO          502    .rodata.AO_Period_High  period_high.o
    0x00000df8   0x00000df8   0x00000014   Data   RO          505    .rodata.PeriodHigh_active_s  period_high.o
    0x00000e0c   0x00000e0c   0x00000008   Data   RO          504    .rodata.PeriodHigh_initial.tatbl_  period_high.o
    0x00000e14   0x00000e14   0x00000008   Data   RO          487    .rodata.QF_port_module_  qv_port.o
    0x00000e1c   0x00000e1c   0x0000000c   Data   RO          415    .rodata.QMActive_ctor.vtable  qf_qmact.o
    0x00000e28   0x00000e28   0x0000000c   Data   RO          257    .rodata.QMsm_ctor.vtable  qep_msm.o
    0x00000e34   0x00000e34   0x00000008   Data   RO          259    .rodata.Q_this_module_  qep_msm.o
    0x00000e3c   0x00000e3c   0x00000008   Data   RO          296    .rodata.Q_this_module_  qf_actq.o
    0x00000e44   0x00000e44   0x00000007   Data   RO          336    .rodata.Q_this_module_  qf_dyn.o
    0x00000e4b   0x00000e4b   0x00000007   Data   RO          351    .rodata.Q_this_module_  qf_mem.o
    0x00000e52   0x00000e52   0x00000008   Data   RO          387    .rodata.Q_this_module_  qf_qact.o
    0x00000e5a   0x00000e5a   0x00000007   Data   RO          404    .rodata.Q_this_module_  qf_qeq.o
    0x00000e61   0x00000e61   0x00000008   Data   RO          443    .rodata.Q_this_module_  qf_time.o
    0x00000e69   0x00000e69   0x00000003   Data   RO          466    .rodata.Q_this_module_  qv.o
    0x00000e6c   0x00000e6c   0x0000000e   Data   RO          503    .rodata.Q_this_module_  period_high.o
    0x00000e7a   0x00000e7a   0x00000002   PAD
    0x00000e7c   0x00000e7c   0x00000014   Data   RO          258    .rodata.l_msm_top_s  qep_msm.o
    0x00000e90   0x00000e90   0x0000000c   Data   RO          134    .rodata.periodicSpec  bsp.o
    0x00000e9c   0x00000e9c   0x00000020   Data   RO          545    Region$$Table       anon$$obj.o


    Execution Region RW_IRAM1 (Exec base: 0x20000000, Load base: 0x00000ec0, Size: 0x00001150, Max: 0x00008000, ABSOLUTE)

    Exec Addr    Load Addr    Size         Type   Attr      Idx    E Section Name        Object

    0x20000000   0x00000ec0   0x00000004   Data   RW           17    .data.SystemCoreClock  system_hc32l19x.o
    0x20000004   0x00000ec4   0x00000004   PAD
    0x20000008        -       0x00000028   Zero   RW          133    .bss.BSP_start.periodicHighQSto  bsp.o
    0x20000030        -       0x0000003c   Zero   RW          501    .bss.PeriodHigh_inst  period_high.o
    0x2000006c        -       0x00000084   Zero   RW          272    .bss.QActive_registry_  qf_act.o
    0x200000f0        -       0x00000040   Zero   RW          271    .bss.QF_priv_       qf_act.o
    0x20000130        -       0x00000018   Zero   RW          444    .bss.QTimeEvt_timeEvtHead_  qf_time.o
    0x20000148        -       0x00000008   Zero   RW          465    .bss.QV_priv_       qv.o
    0x20000150        -       0x00001000   Zero   RW            1    STACK               startup_hc32l19x.o


==============================================================================

Image component sizes


      Code (inc. data)   RO Data    RW Data    ZI Data      Debug   Object Name

       166         40         12          0         40       4138   bsp.o
       312          0          0          0          0       6261   interrupts_hc32l19x.o
        20          0          0          0          0        488   main.o
       112         16         46          0         60       3542   period_high.o
       612         16         40          0          0       7015   qep_msm.o
        16          0          0          0        196       2778   qf_act.o
       276          8          8          0          0       6502   qf_actq.o
       104          4          7          0          0       4039   qf_dyn.o
       100          4          7          0          0       3099   qf_mem.o
       148          4          8          0          0       3146   qf_qact.o
        60          4          7          0          0       3483   qf_qeq.o
        32          4         12          0          0       2418   qf_qmact.o
       356         12          8          0         24       6955   qf_time.o
       252         20          3          0          8       4208   qv.o
       170         52          8          0          0       1089   qv_port.o
        60         22        192          0       4096        624   startup_hc32l19x.o
       248         34          0          0          0      66053   sysctrl.o
       170         44          0          4          0      54463   system_hc32l19x.o

    ----------------------------------------------------------------------
      3216        284        392          4       4428     180301   Object Totals
         0          0         32          0          0          0   (incl. Generated)
         2          0          2          0          4          0   (incl. Padding)

    ----------------------------------------------------------------------

      Code (inc. data)   RO Data    RW Data    ZI Data      Debug   Library Member Name

         0          0          0          0          0          0   entry.o
         0          0          0          0          0          0   entry10a.o
         0          0          0          0          0          0   entry11a.o
         8          4          0          0          0          0   entry2.o
         4          0          0          0          0          0   entry5.o
         0          0          0          0          0          0   entry7b.o
         0          0          0          0          0          0   entry8b.o
         8          4          0          0          0          0   entry9a.o
        30          0          0          0          0          0   handlers.o
        48         10          0          0          0         68   init.o
        62          0          0          0          0         72   uidiv_div0.o

    ----------------------------------------------------------------------
       164         18          0          0          0        140   Library Totals
         4          0          0          0          0          0   (incl. Padding)

    ----------------------------------------------------------------------

      Code (inc. data)   RO Data    RW Data    ZI Data      Debug   Library Name

       160         18          0          0          0        140   mc_p.l

    ----------------------------------------------------------------------
       164         18          0          0          0        140   Library Totals

    ----------------------------------------------------------------------

==============================================================================


      Code (inc. data)   RO Data    RW Data    ZI Data      Debug   

      3380        302        392          4       4428     180273   Grand Totals
      3380        302        392          4       4428     180273   ELF Image Totals
      3380        302        392          4          0          0   ROM Totals

==============================================================================

    Total RO  Size (Code + RO Data)                 3772 (   3.68kB)
    Total RW  Size (RW Data + ZI Data)              4432 (   4.33kB)
    Total ROM Size (Code + RO Data + RW Data)       3776 (   3.69kB)

==============================================================================

