Component: Arm Compiler for Embedded 6.24 Tool: armlink [5f371500]

==============================================================================

Image Symbol Table

    Local Symbols

    Symbol Name                              Value     Ov Type        Size  Object(Section)

    ../clib/division.s                       0x00000000   Number         0  aeabi_sdiv.o ABSOLUTE
    ../clib/division.s                       0x00000000   Number         0  aeabi_sdiv_div0.o ABSOLUTE
    ../clib/microlib/division.c              0x00000000   Number         0  uidiv.o ABSOLUTE
    ../clib/microlib/division.c              0x00000000   Number         0  uidiv_div0.o ABSOLUTE
    ../clib/microlib/division.c              0x00000000   Number         0  idiv_div0.o ABSOLUTE
    ../clib/microlib/division.c              0x00000000   Number         0  idiv0.o ABSOLUTE
    ../clib/microlib/init/entry.s            0x00000000   Number         0  entry.o ABSOLUTE
    ../clib/microlib/init/entry.s            0x00000000   Number         0  entry2.o ABSOLUTE
    ../clib/microlib/init/entry.s            0x00000000   Number         0  entry5.o ABSOLUTE
    ../clib/microlib/init/entry.s            0x00000000   Number         0  entry7a.o ABSOLUTE
    ../clib/microlib/init/entry.s            0x00000000   Number         0  entry7b.o ABSOLUTE
    ../clib/microlib/init/entry.s            0x00000000   Number         0  entry8a.o ABSOLUTE
    ../clib/microlib/init/entry.s            0x00000000   Number         0  entry8b.o ABSOLUTE
    ../clib/microlib/init/entry.s            0x00000000   Number         0  entry9a.o ABSOLUTE
    ../clib/microlib/init/entry.s            0x00000000   Number         0  entry9b.o ABSOLUTE
    ../clib/microlib/init/entry.s            0x00000000   Number         0  entry10a.o ABSOLUTE
    ../clib/microlib/init/entry.s            0x00000000   Number         0  entry10b.o ABSOLUTE
    ../clib/microlib/init/entry.s            0x00000000   Number         0  entry11a.o ABSOLUTE
    ../clib/microlib/init/entry.s            0x00000000   Number         0  entry11b.o ABSOLUTE
    ../clib/microlib/string/memset.c         0x00000000   Number         0  memseta.o ABSOLUTE
    ../clib/microlib/stubs.s                 0x00000000   Number         0  iusefp.o ABSOLUTE
    ../fplib/microlib/fpadd.c                0x00000000   Number         0  fadd.o ABSOLUTE
    ../fplib/microlib/fpdiv.c                0x00000000   Number         0  fdiv.o ABSOLUTE
    ../fplib/microlib/fpepilogue.c           0x00000000   Number         0  fepilogue.o ABSOLUTE
    ../fplib/microlib/fpfix.c                0x00000000   Number         0  ffixi.o ABSOLUTE
    ../fplib/microlib/fpflt.c                0x00000000   Number         0  ffltui.o ABSOLUTE
    adc.c                                    0x00000000   Number         0  adc.o ABSOLUTE
    adt.c                                    0x00000000   Number         0  adt.o ABSOLUTE
    aes.c                                    0x00000000   Number         0  aes.o ABSOLUTE
    bgr.c                                    0x00000000   Number         0  bgr.o ABSOLUTE
    bsp.c                                    0x00000000   Number         0  bsp.o ABSOLUTE
    bt.c                                     0x00000000   Number         0  bt.o ABSOLUTE
    crc.c                                    0x00000000   Number         0  crc.o ABSOLUTE
    dc.s                                     0x00000000   Number         0  dc.o ABSOLUTE
    ddl.c                                    0x00000000   Number         0  ddl.o ABSOLUTE
    dmac.c                                   0x00000000   Number         0  dmac.o ABSOLUTE
    flash.c                                  0x00000000   Number         0  flash.o ABSOLUTE
    gpio.c                                   0x00000000   Number         0  gpio.o ABSOLUTE
    handlers.s                               0x00000000   Number         0  handlers.o ABSOLUTE
    i2c.c                                    0x00000000   Number         0  i2c.o ABSOLUTE
    init.s                                   0x00000000   Number         0  init.o ABSOLUTE
    interrupts_hc32l19x.c                    0x00000000   Number         0  interrupts_hc32l19x.o ABSOLUTE
    lpm.c                                    0x00000000   Number         0  lpm.o ABSOLUTE
    lptim.c                                  0x00000000   Number         0  lptim.o ABSOLUTE
    lpuart.c                                 0x00000000   Number         0  lpuart.o ABSOLUTE
    main.c                                   0x00000000   Number         0  main.o ABSOLUTE
    period_high.c                            0x00000000   Number         0  period_high.o ABSOLUTE
    period_low.c                             0x00000000   Number         0  period_low.o ABSOLUTE
    period_mid.c                             0x00000000   Number         0  period_mid.o ABSOLUTE
    qep_hsm.c                                0x00000000   Number         0  qep_hsm.o ABSOLUTE
    qep_msm.c                                0x00000000   Number         0  qep_msm.o ABSOLUTE
    qf_act.c                                 0x00000000   Number         0  qf_act.o ABSOLUTE
    qf_actq.c                                0x00000000   Number         0  qf_actq.o ABSOLUTE
    qf_defer.c                               0x00000000   Number         0  qf_defer.o ABSOLUTE
    qf_dyn.c                                 0x00000000   Number         0  qf_dyn.o ABSOLUTE
    qf_mem.c                                 0x00000000   Number         0  qf_mem.o ABSOLUTE
    qf_ps.c                                  0x00000000   Number         0  qf_ps.o ABSOLUTE
    qf_qact.c                                0x00000000   Number         0  qf_qact.o ABSOLUTE
    qf_qeq.c                                 0x00000000   Number         0  qf_qeq.o ABSOLUTE
    qf_qmact.c                               0x00000000   Number         0  qf_qmact.o ABSOLUTE
    qf_time.c                                0x00000000   Number         0  qf_time.o ABSOLUTE
    qv.c                                     0x00000000   Number         0  qv.o ABSOLUTE
    qv_port.c                                0x00000000   Number         0  qv_port.o ABSOLUTE
    reset.c                                  0x00000000   Number         0  reset.o ABSOLUTE
    rtc.c                                    0x00000000   Number         0  rtc.o ABSOLUTE
    spi.c                                    0x00000000   Number         0  spi.o ABSOLUTE
    startup_hc32l19x.s                       0x00000000   Number         0  startup_hc32l19x.o ABSOLUTE
    sysctrl.c                                0x00000000   Number         0  sysctrl.o ABSOLUTE
    system_hc32l19x.c                        0x00000000   Number         0  system_hc32l19x.o ABSOLUTE
    task_high.c                              0x00000000   Number         0  task_high.o ABSOLUTE
    task_low.c                               0x00000000   Number         0  task_low.o ABSOLUTE
    task_mid.c                               0x00000000   Number         0  task_mid.o ABSOLUTE
    timer3.c                                 0x00000000   Number         0  timer3.o ABSOLUTE
    trim.c                                   0x00000000   Number         0  trim.o ABSOLUTE
    trng.c                                   0x00000000   Number         0  trng.o ABSOLUTE
    uart.c                                   0x00000000   Number         0  uart.o ABSOLUTE
    vc.c                                     0x00000000   Number         0  vc.o ABSOLUTE
    wdt.c                                    0x00000000   Number         0  wdt.o ABSOLUTE
    RESET                                    0x00000000   Section      192  startup_hc32l19x.o(RESET)
    .ARM.Collect$$$$00000000                 0x000000c0   Section        0  entry.o(.ARM.Collect$$$$00000000)
    .ARM.Collect$$$$00000001                 0x000000c0   Section        4  entry2.o(.ARM.Collect$$$$00000001)
    .ARM.Collect$$$$00000004                 0x000000c4   Section        4  entry5.o(.ARM.Collect$$$$00000004)
    .ARM.Collect$$$$00000008                 0x000000c8   Section        0  entry7b.o(.ARM.Collect$$$$00000008)
    .ARM.Collect$$$$0000000A                 0x000000c8   Section        0  entry8b.o(.ARM.Collect$$$$0000000A)
    .ARM.Collect$$$$0000000B                 0x000000c8   Section        8  entry9a.o(.ARM.Collect$$$$0000000B)
    __lit__00000000                          0x000000d0   Data           4  entry2.o(.ARM.Collect$$$$00002712)
    .ARM.Collect$$$$0000000D                 0x000000d0   Section        0  entry10a.o(.ARM.Collect$$$$0000000D)
    .ARM.Collect$$$$0000000F                 0x000000d0   Section        0  entry11a.o(.ARM.Collect$$$$0000000F)
    .ARM.Collect$$$$00002712                 0x000000d0   Section        4  entry2.o(.ARM.Collect$$$$00002712)
    .text                                    0x000000d4   Section       60  startup_hc32l19x.o(.text)
    .text                                    0x00000110   Section        0  uidiv_div0.o(.text)
    .text                                    0x00000150   Section       48  init.o(.text)
    [Anonymous Symbol]                       0x00000180   Section        0  system_hc32l19x.o(.text.$Sub$$main)
    [Anonymous Symbol]                       0x0000018e   Section        0  interrupts_hc32l19x.o(.text.ADC_DAC_IRQHandler)
    [Anonymous Symbol]                       0x0000019a   Section        0  bsp.o(.text.App_ClkDivInit)
    [Anonymous Symbol]                       0x000001ac   Section        0  bsp.o(.text.BSP_init)
    [Anonymous Symbol]                       0x000001fc   Section        0  bsp.o(.text.BSP_start)
    __arm_cp.12_0                            0x0000025c   Number         4  bsp.o(.text.BSP_start)
    __arm_cp.12_1                            0x00000260   Number         4  bsp.o(.text.BSP_start)
    __arm_cp.12_2                            0x00000264   Number         4  bsp.o(.text.BSP_start)
    __arm_cp.12_3                            0x00000268   Number         4  bsp.o(.text.BSP_start)
    __arm_cp.12_4                            0x0000026c   Number         4  bsp.o(.text.BSP_start)
    __arm_cp.12_5                            0x00000270   Number         4  bsp.o(.text.BSP_start)
    [Anonymous Symbol]                       0x00000274   Section        0  interrupts_hc32l19x.o(.text.CLKTRIM_IRQHandler)
    [Anonymous Symbol]                       0x0000027c   Section        0  interrupts_hc32l19x.o(.text.DMAC_IRQHandler)
    [Anonymous Symbol]                       0x00000284   Section        0  interrupts_hc32l19x.o(.text.FLASH_RAM_IRQHandler)
    [Anonymous Symbol]                       0x00000290   Section        0  flash.o(.text.Flash_WaitCycle)
    __arm_cp.12_0                            0x000002b8   Number         4  flash.o(.text.Flash_WaitCycle)
    __arm_cp.12_1                            0x000002bc   Number         4  flash.o(.text.Flash_WaitCycle)
    __arm_cp.12_2                            0x000002c0   Number         4  flash.o(.text.Flash_WaitCycle)
    [Anonymous Symbol]                       0x000002c4   Section        0  interrupts_hc32l19x.o(.text.HardFault_Handler)
    [Anonymous Symbol]                       0x000002e0   Section        0  interrupts_hc32l19x.o(.text.I2C0_IRQHandler)
    [Anonymous Symbol]                       0x000002e8   Section        0  interrupts_hc32l19x.o(.text.I2C1_IRQHandler)
    [Anonymous Symbol]                       0x000002f0   Section        0  interrupts_hc32l19x.o(.text.LCD_IRQHandler)
    [Anonymous Symbol]                       0x000002f8   Section        0  interrupts_hc32l19x.o(.text.LPTIM0_1_IRQHandler)
    [Anonymous Symbol]                       0x00000304   Section        0  interrupts_hc32l19x.o(.text.LPUART0_IRQHandler)
    [Anonymous Symbol]                       0x0000030c   Section        0  interrupts_hc32l19x.o(.text.LPUART1_IRQHandler)
    [Anonymous Symbol]                       0x00000314   Section        0  interrupts_hc32l19x.o(.text.LVD_IRQHandler)
    [Anonymous Symbol]                       0x0000031c   Section        0  interrupts_hc32l19x.o(.text.PCA_IRQHandler)
    [Anonymous Symbol]                       0x00000324   Section        0  interrupts_hc32l19x.o(.text.PCNT_IRQHandler)
    [Anonymous Symbol]                       0x0000032c   Section        0  interrupts_hc32l19x.o(.text.PORTA_IRQHandler)
    [Anonymous Symbol]                       0x00000334   Section        0  interrupts_hc32l19x.o(.text.PORTB_IRQHandler)
    [Anonymous Symbol]                       0x0000033c   Section        0  interrupts_hc32l19x.o(.text.PORTC_E_IRQHandler)
    [Anonymous Symbol]                       0x00000348   Section        0  interrupts_hc32l19x.o(.text.PORTD_F_IRQHandler)
    PeriodHigh_active                        0x00000355   Thumb Code    24  period_high.o(.text.PeriodHigh_active)
    [Anonymous Symbol]                       0x00000354   Section        0  period_high.o(.text.PeriodHigh_active)
    [Anonymous Symbol]                       0x0000036c   Section        0  period_high.o(.text.PeriodHigh_ctor)
    __arm_cp.0_0                             0x00000388   Number         4  period_high.o(.text.PeriodHigh_ctor)
    __arm_cp.0_1                             0x0000038c   Number         4  period_high.o(.text.PeriodHigh_ctor)
    PeriodHigh_initial                       0x00000391   Thumb Code    56  period_high.o(.text.PeriodHigh_initial)
    [Anonymous Symbol]                       0x00000390   Section        0  period_high.o(.text.PeriodHigh_initial)
    __arm_cp.1_0                             0x000003c8   Number         4  period_high.o(.text.PeriodHigh_initial)
    __arm_cp.1_1                             0x000003cc   Number         4  period_high.o(.text.PeriodHigh_initial)
    PeriodMid_active                         0x000003d1   Thumb Code    24  period_mid.o(.text.PeriodMid_active)
    [Anonymous Symbol]                       0x000003d0   Section        0  period_mid.o(.text.PeriodMid_active)
    [Anonymous Symbol]                       0x000003e8   Section        0  period_mid.o(.text.PeriodMid_ctor)
    __arm_cp.0_0                             0x00000404   Number         4  period_mid.o(.text.PeriodMid_ctor)
    __arm_cp.0_1                             0x00000408   Number         4  period_mid.o(.text.PeriodMid_ctor)
    PeriodMid_initial                        0x0000040d   Thumb Code    56  period_mid.o(.text.PeriodMid_initial)
    [Anonymous Symbol]                       0x0000040c   Section        0  period_mid.o(.text.PeriodMid_initial)
    __arm_cp.1_0                             0x00000444   Number         4  period_mid.o(.text.PeriodMid_initial)
    __arm_cp.1_1                             0x00000448   Number         4  period_mid.o(.text.PeriodMid_initial)
    [Anonymous Symbol]                       0x0000044c   Section        0  qf_actq.o(.text.QActive_get_)
    [Anonymous Symbol]                       0x000004ac   Section        0  qf_actq.o(.text.QActive_post_)
    __arm_cp.0_0                             0x00000558   Number         4  qf_actq.o(.text.QActive_post_)
    __arm_cp.0_1                             0x0000055c   Number         4  qf_actq.o(.text.QActive_post_)
    [Anonymous Symbol]                       0x00000560   Section        0  qf_qact.o(.text.QActive_register_)
    __arm_cp.1_0                             0x000005f0   Number         4  qf_qact.o(.text.QActive_register_)
    [Anonymous Symbol]                       0x000005f4   Section        0  qv.o(.text.QActive_start)
    __arm_cp.5_0                             0x00000650   Number         4  qv.o(.text.QActive_start)
    [Anonymous Symbol]                       0x00000654   Section        0  qf_qeq.o(.text.QEQueue_init)
    __arm_cp.0_0                             0x0000068c   Number         4  qf_qeq.o(.text.QEQueue_init)
    [Anonymous Symbol]                       0x00000690   Section        0  qf_act.o(.text.QF_bzero_)
    [Anonymous Symbol]                       0x000006a0   Section        0  qv_port.o(.text.QF_crit_entry_)
    QF_crit_entry_error                      0x000006ac   Number         0  qv_port.o(.text.QF_crit_entry_)
    [Anonymous Symbol]                       0x000006bc   Section        0  qv_port.o(.text.QF_crit_exit_)
    QF_crit_exit_error                       0x000006c8   Number         0  qv_port.o(.text.QF_crit_exit_)
    [Anonymous Symbol]                       0x000006d8   Section        0  qf_dyn.o(.text.QF_gc)
    __arm_cp.4_1                             0x0000073c   Number         4  qf_dyn.o(.text.QF_gc)
    [Anonymous Symbol]                       0x00000740   Section        0  qv.o(.text.QF_init)
    __arm_cp.2_0                             0x00000760   Number         4  qv.o(.text.QF_init)
    __arm_cp.2_1                             0x00000764   Number         4  qv.o(.text.QF_init)
    [Anonymous Symbol]                       0x00000768   Section        0  qv_port.o(.text.QF_int_disable_)
    QF_int_disable_error                     0x00000774   Number         0  qv_port.o(.text.QF_int_disable_)
    [Anonymous Symbol]                       0x00000784   Section        0  qv_port.o(.text.QF_int_enable_)
    QF_int_enable_error                      0x00000790   Number         0  qv_port.o(.text.QF_int_enable_)
    [Anonymous Symbol]                       0x000007a0   Section        0  bsp.o(.text.QF_onStartup)
    __arm_cp.13_0                            0x000007d0   Number         4  bsp.o(.text.QF_onStartup)
    __arm_cp.13_1                            0x000007d4   Number         4  bsp.o(.text.QF_onStartup)
    __arm_cp.13_2                            0x000007d8   Number         4  bsp.o(.text.QF_onStartup)
    __arm_cp.13_3                            0x000007dc   Number         4  bsp.o(.text.QF_onStartup)
    [Anonymous Symbol]                       0x000007e0   Section        0  qv_port.o(.text.QF_qlog2)
    QF_qlog2_1                               0x000007ea   Number         0  qv_port.o(.text.QF_qlog2)
    QF_qlog2_2                               0x000007f2   Number         0  qv_port.o(.text.QF_qlog2)
    QF_qlog2_3                               0x000007fa   Number         0  qv_port.o(.text.QF_qlog2)
    QF_qlog2_LUT                             0x00000804   Number         0  qv_port.o(.text.QF_qlog2)
    [Anonymous Symbol]                       0x00000818   Section        0  qv.o(.text.QF_run)
    __arm_cp.4_0                             0x00000884   Number         4  qv.o(.text.QF_run)
    __arm_cp.4_1                             0x00000888   Number         4  qv.o(.text.QF_run)
    [Anonymous Symbol]                       0x0000088c   Section        0  qf_qmact.o(.text.QMActive_ctor)
    __arm_cp.0_0                             0x000008a8   Number         4  qf_qmact.o(.text.QMActive_ctor)
    [Anonymous Symbol]                       0x000008ac   Section        0  qf_mem.o(.text.QMPool_put)
    __arm_cp.2_0                             0x0000090c   Number         4  qf_mem.o(.text.QMPool_put)
    [Anonymous Symbol]                       0x00000910   Section        0  qep_msm.o(.text.QMsm_ctor)
    __arm_cp.0_1                             0x0000091c   Number         4  qep_msm.o(.text.QMsm_ctor)
    [Anonymous Symbol]                       0x00000920   Section        0  qep_msm.o(.text.QMsm_dispatch_)
    __arm_cp.2_1                             0x00000a48   Number         4  qep_msm.o(.text.QMsm_dispatch_)
    QMsm_execTatbl_                          0x00000a4d   Thumb Code    68  qep_msm.o(.text.QMsm_execTatbl_)
    [Anonymous Symbol]                       0x00000a4c   Section        0  qep_msm.o(.text.QMsm_execTatbl_)
    QMsm_exitToTranSource_                   0x00000a91   Thumb Code    48  qep_msm.o(.text.QMsm_exitToTranSource_)
    [Anonymous Symbol]                       0x00000a90   Section        0  qep_msm.o(.text.QMsm_exitToTranSource_)
    [Anonymous Symbol]                       0x00000ac0   Section        0  qep_msm.o(.text.QMsm_init_)
    __arm_cp.1_0                             0x00000b40   Number         4  qep_msm.o(.text.QMsm_init_)
    [Anonymous Symbol]                       0x00000b44   Section        0  qep_msm.o(.text.QMsm_isIn_)
    __arm_cp.3_0                             0x00000b70   Number         4  qep_msm.o(.text.QMsm_isIn_)
    [Anonymous Symbol]                       0x00000b74   Section        0  qf_time.o(.text.QTimeEvt_armX)
    [Anonymous Symbol]                       0x00000bd8   Section        0  qf_time.o(.text.QTimeEvt_ctorX)
    [Anonymous Symbol]                       0x00000c1c   Section        0  qf_time.o(.text.QTimeEvt_init)
    [Anonymous Symbol]                       0x00000c2c   Section        0  qf_time.o(.text.QTimeEvt_tick_)
    __arm_cp.7_0                             0x00000ccc   Number         4  qf_time.o(.text.QTimeEvt_tick_)
    __arm_cp.7_1                             0x00000cd0   Number         4  qf_time.o(.text.QTimeEvt_tick_)
    __arm_cp.7_2                             0x00000cd4   Number         4  qf_time.o(.text.QTimeEvt_tick_)
    [Anonymous Symbol]                       0x00000cd8   Section        0  qv_port.o(.text.QV_init)
    [Anonymous Symbol]                       0x00000cda   Section        0  bsp.o(.text.QV_onIdle)
    [Anonymous Symbol]                       0x00000ce2   Section        0  bsp.o(.text.Q_onError)
    [Anonymous Symbol]                       0x00000ce6   Section        0  interrupts_hc32l19x.o(.text.RTC_IRQHandler)
    [Anonymous Symbol]                       0x00000cee   Section        0  interrupts_hc32l19x.o(.text.SPI0_IRQHandler)
    [Anonymous Symbol]                       0x00000cf6   Section        0  interrupts_hc32l19x.o(.text.SPI1_IRQHandler)
    [Anonymous Symbol]                       0x00000cfe   Section        0  interrupts_hc32l19x.o(.text.SysTick_Handler)
    [Anonymous Symbol]                       0x00000d08   Section        0  bsp.o(.text.SysTick_IRQHandler)
    __arm_cp.9_0                             0x00000d1c   Number         4  bsp.o(.text.SysTick_IRQHandler)
    [Anonymous Symbol]                       0x00000d20   Section        0  sysctrl.o(.text.Sysctrl_ClkSourceEnable)
    __arm_cp.0_3                             0x00000e34   Number         4  sysctrl.o(.text.Sysctrl_ClkSourceEnable)
    __arm_cp.0_4                             0x00000e38   Number         4  sysctrl.o(.text.Sysctrl_ClkSourceEnable)
    __arm_cp.0_5                             0x00000e3c   Number         4  sysctrl.o(.text.Sysctrl_ClkSourceEnable)
    [Anonymous Symbol]                       0x00000e40   Section        0  sysctrl.o(.text.Sysctrl_GetHClkFreq)
    __arm_cp.8_4                             0x00000f14   Number         4  sysctrl.o(.text.Sysctrl_GetHClkFreq)
    __arm_cp.8_5                             0x00000f18   Number         4  sysctrl.o(.text.Sysctrl_GetHClkFreq)
    __arm_cp.8_6                             0x00000f1c   Number         4  sysctrl.o(.text.Sysctrl_GetHClkFreq)
    __arm_cp.8_7                             0x00000f20   Number         4  sysctrl.o(.text.Sysctrl_GetHClkFreq)
    [Anonymous Symbol]                       0x00000f24   Section        0  sysctrl.o(.text.Sysctrl_SetHCLKDiv)
    [Anonymous Symbol]                       0x00000f44   Section        0  sysctrl.o(.text.Sysctrl_SetPCLKDiv)
    [Anonymous Symbol]                       0x00000f64   Section        0  sysctrl.o(.text.Sysctrl_SetPLLFreq)
    __arm_cp.16_0                            0x00001008   Number         4  sysctrl.o(.text.Sysctrl_SetPLLFreq)
    __arm_cp.16_1                            0x0000100c   Number         4  sysctrl.o(.text.Sysctrl_SetPLLFreq)
    __arm_cp.16_2                            0x00001010   Number         4  sysctrl.o(.text.Sysctrl_SetPLLFreq)
    [Anonymous Symbol]                       0x00001014   Section        0  sysctrl.o(.text.Sysctrl_SetXTHFreq)
    [Anonymous Symbol]                       0x00001028   Section        0  sysctrl.o(.text.Sysctrl_SetXTHStableTime)
    [Anonymous Symbol]                       0x0000103c   Section        0  sysctrl.o(.text.Sysctrl_SysClkSwitch)
    __arm_cp.7_0                             0x00001060   Number         4  sysctrl.o(.text.Sysctrl_SysClkSwitch)
    __arm_cp.7_1                             0x00001064   Number         4  sysctrl.o(.text.Sysctrl_SysClkSwitch)
    __arm_cp.7_2                             0x00001068   Number         4  sysctrl.o(.text.Sysctrl_SysClkSwitch)
    [Anonymous Symbol]                       0x0000106c   Section        0  sysctrl.o(.text.Sysctrl_XTHDriverCfg)
    __arm_cp.1_0                             0x00001080   Number         4  sysctrl.o(.text.Sysctrl_XTHDriverCfg)
    [Anonymous Symbol]                       0x00001084   Section        0  system_hc32l19x.o(.text.SystemCoreClockUpdate)
    [Anonymous Symbol]                       0x00001090   Section        0  system_hc32l19x.o(.text.SystemInit)
    __arm_cp.2_0                             0x000010f0   Number         4  system_hc32l19x.o(.text.SystemInit)
    __arm_cp.2_1                             0x000010f4   Number         4  system_hc32l19x.o(.text.SystemInit)
    __arm_cp.2_2                             0x000010f8   Number         4  system_hc32l19x.o(.text.SystemInit)
    __arm_cp.2_3                             0x000010fc   Number         4  system_hc32l19x.o(.text.SystemInit)
    __arm_cp.2_4                             0x00001100   Number         4  system_hc32l19x.o(.text.SystemInit)
    __arm_cp.2_5                             0x00001104   Number         4  system_hc32l19x.o(.text.SystemInit)
    __arm_cp.2_6                             0x00001108   Number         4  system_hc32l19x.o(.text.SystemInit)
    __arm_cp.2_7                             0x0000110c   Number         4  system_hc32l19x.o(.text.SystemInit)
    __arm_cp.2_8                             0x00001110   Number         4  system_hc32l19x.o(.text.SystemInit)
    __arm_cp.2_9                             0x00001114   Number         4  system_hc32l19x.o(.text.SystemInit)
    [Anonymous Symbol]                       0x00001118   Section        0  interrupts_hc32l19x.o(.text.TIM0_IRQHandler)
    [Anonymous Symbol]                       0x00001120   Section        0  interrupts_hc32l19x.o(.text.TIM1_IRQHandler)
    [Anonymous Symbol]                       0x00001128   Section        0  interrupts_hc32l19x.o(.text.TIM2_IRQHandler)
    [Anonymous Symbol]                       0x00001130   Section        0  interrupts_hc32l19x.o(.text.TIM3_IRQHandler)
    [Anonymous Symbol]                       0x00001138   Section        0  interrupts_hc32l19x.o(.text.TIM4_IRQHandler)
    [Anonymous Symbol]                       0x00001140   Section        0  interrupts_hc32l19x.o(.text.TIM5_IRQHandler)
    [Anonymous Symbol]                       0x00001148   Section        0  interrupts_hc32l19x.o(.text.TIM6_IRQHandler)
    [Anonymous Symbol]                       0x00001150   Section        0  interrupts_hc32l19x.o(.text.UART0_2_IRQHandler)
    [Anonymous Symbol]                       0x0000115c   Section        0  interrupts_hc32l19x.o(.text.UART1_3_IRQHandler)
    [Anonymous Symbol]                       0x00001168   Section        0  interrupts_hc32l19x.o(.text.VC0_IRQHandler)
    [Anonymous Symbol]                       0x00001170   Section        0  interrupts_hc32l19x.o(.text.VC1_2_IRQHandler)
    [Anonymous Symbol]                       0x0000117c   Section        0  interrupts_hc32l19x.o(.text.WDT_IRQHandler)
    __NVIC_SystemReset                       0x00001185   Thumb Code    20  bsp.o(.text.__NVIC_SystemReset)
    [Anonymous Symbol]                       0x00001184   Section        0  bsp.o(.text.__NVIC_SystemReset)
    __arm_cp.1_0                             0x00001198   Number         4  bsp.o(.text.__NVIC_SystemReset)
    __arm_cp.1_1                             0x0000119c   Number         4  bsp.o(.text.__NVIC_SystemReset)
    [Anonymous Symbol]                       0x000011a0   Section        0  bsp.o(.text.assert_failed)
    [Anonymous Symbol]                       0x000011a4   Section        0  ddl.o(.text.delay10us)
    __arm_cp.4_2                             0x000011d8   Number         4  ddl.o(.text.delay10us)
    [Anonymous Symbol]                       0x000011dc   Section        0  ddl.o(.text.delay1ms)
    __arm_cp.2_0                             0x00001214   Number         4  ddl.o(.text.delay1ms)
    __arm_cp.2_1                             0x00001218   Number         4  ddl.o(.text.delay1ms)
    [Anonymous Symbol]                       0x0000121c   Section        0  main.o(.text.main)
    [Anonymous Symbol]                       0x00001230   Section        0  task_high.o(.text.task_high)
    [Anonymous Symbol]                       0x00001232   Section        0  task_mid.o(.text.task_mid)
    i.__scatterload_copy                     0x00001234   Section       14  handlers.o(i.__scatterload_copy)
    i.__scatterload_null                     0x00001242   Section        2  handlers.o(i.__scatterload_null)
    i.__scatterload_zeroinit                 0x00001244   Section       14  handlers.o(i.__scatterload_zeroinit)
    PeriodHigh_active_s                      0x00001260   Data          20  period_high.o(.rodata.PeriodHigh_active_s)
    [Anonymous Symbol]                       0x00001260   Section        0  period_high.o(.rodata.PeriodHigh_active_s)
    PeriodHigh_initial.tatbl_                0x00001274   Data           8  period_high.o(.rodata.PeriodHigh_initial.tatbl_)
    [Anonymous Symbol]                       0x00001274   Section        0  period_high.o(.rodata.PeriodHigh_initial.tatbl_)
    PeriodMid_active_s                       0x0000127c   Data          20  period_mid.o(.rodata.PeriodMid_active_s)
    [Anonymous Symbol]                       0x0000127c   Section        0  period_mid.o(.rodata.PeriodMid_active_s)
    PeriodMid_initial.tatbl_                 0x00001290   Data           8  period_mid.o(.rodata.PeriodMid_initial.tatbl_)
    [Anonymous Symbol]                       0x00001290   Section        0  period_mid.o(.rodata.PeriodMid_initial.tatbl_)
    QMActive_ctor.vtable                     0x000012a0   Data          12  qf_qmact.o(.rodata.QMActive_ctor.vtable)
    [Anonymous Symbol]                       0x000012a0   Section        0  qf_qmact.o(.rodata.QMActive_ctor.vtable)
    QMsm_ctor.vtable                         0x000012ac   Data          12  qep_msm.o(.rodata.QMsm_ctor.vtable)
    [Anonymous Symbol]                       0x000012ac   Section        0  qep_msm.o(.rodata.QMsm_ctor.vtable)
    Q_this_module_                           0x000012b8   Data           8  qep_msm.o(.rodata.Q_this_module_)
    [Anonymous Symbol]                       0x000012b8   Section        0  qep_msm.o(.rodata.Q_this_module_)
    Q_this_module_                           0x000012c0   Data           8  qf_actq.o(.rodata.Q_this_module_)
    [Anonymous Symbol]                       0x000012c0   Section        0  qf_actq.o(.rodata.Q_this_module_)
    Q_this_module_                           0x000012c8   Data           7  qf_dyn.o(.rodata.Q_this_module_)
    [Anonymous Symbol]                       0x000012c8   Section        0  qf_dyn.o(.rodata.Q_this_module_)
    Q_this_module_                           0x000012cf   Data           7  qf_mem.o(.rodata.Q_this_module_)
    [Anonymous Symbol]                       0x000012cf   Section        0  qf_mem.o(.rodata.Q_this_module_)
    Q_this_module_                           0x000012d6   Data           8  qf_qact.o(.rodata.Q_this_module_)
    [Anonymous Symbol]                       0x000012d6   Section        0  qf_qact.o(.rodata.Q_this_module_)
    Q_this_module_                           0x000012de   Data           7  qf_qeq.o(.rodata.Q_this_module_)
    [Anonymous Symbol]                       0x000012de   Section        0  qf_qeq.o(.rodata.Q_this_module_)
    Q_this_module_                           0x000012e5   Data           8  qf_time.o(.rodata.Q_this_module_)
    [Anonymous Symbol]                       0x000012e5   Section        0  qf_time.o(.rodata.Q_this_module_)
    Q_this_module_                           0x000012ed   Data           3  qv.o(.rodata.Q_this_module_)
    [Anonymous Symbol]                       0x000012ed   Section        0  qv.o(.rodata.Q_this_module_)
    Q_this_module_                           0x000012f0   Data          14  period_high.o(.rodata.Q_this_module_)
    [Anonymous Symbol]                       0x000012f0   Section        0  period_high.o(.rodata.Q_this_module_)
    Q_this_module_                           0x000012fe   Data          13  period_mid.o(.rodata.Q_this_module_)
    [Anonymous Symbol]                       0x000012fe   Section        0  period_mid.o(.rodata.Q_this_module_)
    l_msm_top_s                              0x0000130c   Data          20  qep_msm.o(.rodata.l_msm_top_s)
    [Anonymous Symbol]                       0x0000130c   Section        0  qep_msm.o(.rodata.l_msm_top_s)
    periodicSpec                             0x00001320   Data          36  bsp.o(.rodata.periodicSpec)
    [Anonymous Symbol]                       0x00001320   Section        0  bsp.o(.rodata.periodicSpec)
    BSP_start.periodicHighQSto               0x20000008   Data          40  bsp.o(.bss..L_MergedGlobals)
    [Anonymous Symbol]                       0x20000008   Section        0  bsp.o(.bss..L_MergedGlobals)
    BSP_start.periodicMidQSto                0x20000030   Data          40  bsp.o(.bss..L_MergedGlobals)
    BSP_start.periodicLowQSto                0x20000058   Data          40  bsp.o(.bss..L_MergedGlobals)
    BSP_SysTick                              0x20000080   Data           4  bsp.o(.bss.BSP_SysTick)
    [Anonymous Symbol]                       0x20000080   Section        0  bsp.o(.bss.BSP_SysTick)
    STACK                                    0x20000240   Section     4096  startup_hc32l19x.o(STACK)

    Global Symbols

    Symbol Name                              Value     Ov Type        Size  Object(Section)

    BuildAttributes$$THM_ISAv3M$S$PE$A:L22$X:L11$S22$IEEE1$IW$~IW$USESV6$~STKCKD$USESV7$WCHAR32$ENUMINT$~SHL$OTIME$ROPI$EBA8$MICROLIB$REQ8$PRES8$EABIv2 0x00000000   Number         0  anon$$obj.o ABSOLUTE
    __Vectors                                0x00000000   Data           0  startup_hc32l19x.o(RESET)
    Adc_IRQHandler                            - Undefined Weak Reference
    ClkTrim_IRQHandler                        - Undefined Weak Reference
    Dac_IRQHandler                            - Undefined Weak Reference
    Dmac_IRQHandler                           - Undefined Weak Reference
    Flash_IRQHandler                          - Undefined Weak Reference
    I2c0_IRQHandler                           - Undefined Weak Reference
    I2c1_IRQHandler                           - Undefined Weak Reference
    Lcd_IRQHandler                            - Undefined Weak Reference
    LpTim0_IRQHandler                         - Undefined Weak Reference
    LpTim1_IRQHandler                         - Undefined Weak Reference
    LpUart0_IRQHandler                        - Undefined Weak Reference
    LpUart1_IRQHandler                        - Undefined Weak Reference
    Lvd_IRQHandler                            - Undefined Weak Reference
    Pca_IRQHandler                            - Undefined Weak Reference
    Pcnt_IRQHandler                           - Undefined Weak Reference
    PortA_IRQHandler                          - Undefined Weak Reference
    PortB_IRQHandler                          - Undefined Weak Reference
    PortC_IRQHandler                          - Undefined Weak Reference
    PortD_IRQHandler                          - Undefined Weak Reference
    PortE_IRQHandler                          - Undefined Weak Reference
    PortF_IRQHandler                          - Undefined Weak Reference
    Ram_IRQHandler                            - Undefined Weak Reference
    Rtc_IRQHandler                            - Undefined Weak Reference
    Spi0_IRQHandler                           - Undefined Weak Reference
    Spi1_IRQHandler                           - Undefined Weak Reference
    Tim0_IRQHandler                           - Undefined Weak Reference
    Tim1_IRQHandler                           - Undefined Weak Reference
    Tim2_IRQHandler                           - Undefined Weak Reference
    Tim3_IRQHandler                           - Undefined Weak Reference
    Tim4_IRQHandler                           - Undefined Weak Reference
    Tim5_IRQHandler                           - Undefined Weak Reference
    Tim6_IRQHandler                           - Undefined Weak Reference
    Uart0_IRQHandler                          - Undefined Weak Reference
    Uart1_IRQHandler                          - Undefined Weak Reference
    Uart2_IRQHandler                          - Undefined Weak Reference
    Uart3_IRQHandler                          - Undefined Weak Reference
    Vc0_IRQHandler                            - Undefined Weak Reference
    Vc1_IRQHandler                            - Undefined Weak Reference
    Vc2_IRQHandler                            - Undefined Weak Reference
    Wdt_IRQHandler                            - Undefined Weak Reference
    __cpp_initialize__aeabi_                  - Undefined Weak Reference
    __cxa_finalize                            - Undefined Weak Reference
    __decompress                              - Undefined Weak Reference
    _clock_init                               - Undefined Weak Reference
    _microlib_exit                            - Undefined Weak Reference
    __Vectors_End                            0x000000c0   Data           0  startup_hc32l19x.o(RESET)
    __Vectors_Size                           0x000000c0   Number         0  startup_hc32l19x.o ABSOLUTE
    __main                                   0x000000c1   Thumb Code     0  entry.o(.ARM.Collect$$$$00000000)
    _main_stk                                0x000000c1   Thumb Code     0  entry2.o(.ARM.Collect$$$$00000001)
    _main_scatterload                        0x000000c5   Thumb Code     0  entry5.o(.ARM.Collect$$$$00000004)
    __main_after_scatterload                 0x000000c9   Thumb Code     0  entry5.o(.ARM.Collect$$$$00000004)
    _main_clock                              0x000000c9   Thumb Code     0  entry7b.o(.ARM.Collect$$$$00000008)
    _main_cpp_init                           0x000000c9   Thumb Code     0  entry8b.o(.ARM.Collect$$$$0000000A)
    _main_init                               0x000000c9   Thumb Code     0  entry9a.o(.ARM.Collect$$$$0000000B)
    __rt_final_cpp                           0x000000d1   Thumb Code     0  entry10a.o(.ARM.Collect$$$$0000000D)
    __rt_final_exit                          0x000000d1   Thumb Code     0  entry11a.o(.ARM.Collect$$$$0000000F)
    Reset_Handler                            0x000000d5   Thumb Code    26  startup_hc32l19x.o(.text)
    NMI_Handler                              0x000000ef   Thumb Code     2  startup_hc32l19x.o(.text)
    SVC_Handler                              0x000000f3   Thumb Code     2  startup_hc32l19x.o(.text)
    PendSV_Handler                           0x000000f5   Thumb Code     2  startup_hc32l19x.o(.text)
    __aeabi_uidiv                            0x00000111   Thumb Code     0  uidiv_div0.o(.text)
    __aeabi_uidivmod                         0x00000111   Thumb Code    62  uidiv_div0.o(.text)
    __scatterload                            0x00000151   Thumb Code    38  init.o(.text)
    __scatterload_rt2                        0x00000151   Thumb Code     0  init.o(.text)
    main                                     0x00000181   Thumb Code    14  system_hc32l19x.o(.text.$Sub$$main)
    ADC_DAC_IRQHandler                       0x0000018f   Thumb Code    12  interrupts_hc32l19x.o(.text.ADC_DAC_IRQHandler)
    App_ClkDivInit                           0x0000019b   Thumb Code    18  bsp.o(.text.App_ClkDivInit)
    BSP_init                                 0x000001ad   Thumb Code    78  bsp.o(.text.BSP_init)
    BSP_start                                0x000001fd   Thumb Code    96  bsp.o(.text.BSP_start)
    CLKTRIM_IRQHandler                       0x00000275   Thumb Code     8  interrupts_hc32l19x.o(.text.CLKTRIM_IRQHandler)
    DMAC_IRQHandler                          0x0000027d   Thumb Code     8  interrupts_hc32l19x.o(.text.DMAC_IRQHandler)
    FLASH_RAM_IRQHandler                     0x00000285   Thumb Code    12  interrupts_hc32l19x.o(.text.FLASH_RAM_IRQHandler)
    Flash_WaitCycle                          0x00000291   Thumb Code    40  flash.o(.text.Flash_WaitCycle)
    HardFault_Handler                        0x000002c5   Thumb Code    20  interrupts_hc32l19x.o(.text.HardFault_Handler)
    I2C0_IRQHandler                          0x000002e1   Thumb Code     8  interrupts_hc32l19x.o(.text.I2C0_IRQHandler)
    I2C1_IRQHandler                          0x000002e9   Thumb Code     8  interrupts_hc32l19x.o(.text.I2C1_IRQHandler)
    LCD_IRQHandler                           0x000002f1   Thumb Code     8  interrupts_hc32l19x.o(.text.LCD_IRQHandler)
    LPTIM0_1_IRQHandler                      0x000002f9   Thumb Code    12  interrupts_hc32l19x.o(.text.LPTIM0_1_IRQHandler)
    LPUART0_IRQHandler                       0x00000305   Thumb Code     8  interrupts_hc32l19x.o(.text.LPUART0_IRQHandler)
    LPUART1_IRQHandler                       0x0000030d   Thumb Code     8  interrupts_hc32l19x.o(.text.LPUART1_IRQHandler)
    LVD_IRQHandler                           0x00000315   Thumb Code     8  interrupts_hc32l19x.o(.text.LVD_IRQHandler)
    PCA_IRQHandler                           0x0000031d   Thumb Code     8  interrupts_hc32l19x.o(.text.PCA_IRQHandler)
    PCNT_IRQHandler                          0x00000325   Thumb Code     8  interrupts_hc32l19x.o(.text.PCNT_IRQHandler)
    PORTA_IRQHandler                         0x0000032d   Thumb Code     8  interrupts_hc32l19x.o(.text.PORTA_IRQHandler)
    PORTB_IRQHandler                         0x00000335   Thumb Code     8  interrupts_hc32l19x.o(.text.PORTB_IRQHandler)
    PORTC_E_IRQHandler                       0x0000033d   Thumb Code    12  interrupts_hc32l19x.o(.text.PORTC_E_IRQHandler)
    PORTD_F_IRQHandler                       0x00000349   Thumb Code    12  interrupts_hc32l19x.o(.text.PORTD_F_IRQHandler)
    PeriodHigh_ctor                          0x0000036d   Thumb Code    28  period_high.o(.text.PeriodHigh_ctor)
    PeriodMid_ctor                           0x000003e9   Thumb Code    28  period_mid.o(.text.PeriodMid_ctor)
    QActive_get_                             0x0000044d   Thumb Code    96  qf_actq.o(.text.QActive_get_)
    QActive_post_                            0x000004ad   Thumb Code   172  qf_actq.o(.text.QActive_post_)
    QActive_register_                        0x00000561   Thumb Code   144  qf_qact.o(.text.QActive_register_)
    QActive_start                            0x000005f5   Thumb Code    92  qv.o(.text.QActive_start)
    QEQueue_init                             0x00000655   Thumb Code    56  qf_qeq.o(.text.QEQueue_init)
    QF_bzero_                                0x00000691   Thumb Code    16  qf_act.o(.text.QF_bzero_)
    QF_crit_entry_                           0x000006a1   Thumb Code    20  qv_port.o(.text.QF_crit_entry_)
    QF_crit_exit_                            0x000006bd   Thumb Code    20  qv_port.o(.text.QF_crit_exit_)
    QF_gc                                    0x000006d9   Thumb Code   100  qf_dyn.o(.text.QF_gc)
    QF_init                                  0x00000741   Thumb Code    32  qv.o(.text.QF_init)
    QF_int_disable_                          0x00000769   Thumb Code    20  qv_port.o(.text.QF_int_disable_)
    QF_int_enable_                           0x00000785   Thumb Code    20  qv_port.o(.text.QF_int_enable_)
    QF_onStartup                             0x000007a1   Thumb Code    48  bsp.o(.text.QF_onStartup)
    QF_qlog2                                 0x000007e1   Thumb Code    52  qv_port.o(.text.QF_qlog2)
    QF_run                                   0x00000819   Thumb Code   108  qv.o(.text.QF_run)
    QMActive_ctor                            0x0000088d   Thumb Code    28  qf_qmact.o(.text.QMActive_ctor)
    QMPool_put                               0x000008ad   Thumb Code    96  qf_mem.o(.text.QMPool_put)
    QMsm_ctor                                0x00000911   Thumb Code    12  qep_msm.o(.text.QMsm_ctor)
    QMsm_dispatch_                           0x00000921   Thumb Code   296  qep_msm.o(.text.QMsm_dispatch_)
    QMsm_init_                               0x00000ac1   Thumb Code   128  qep_msm.o(.text.QMsm_init_)
    QMsm_isIn_                               0x00000b45   Thumb Code    44  qep_msm.o(.text.QMsm_isIn_)
    QTimeEvt_armX                            0x00000b75   Thumb Code   100  qf_time.o(.text.QTimeEvt_armX)
    QTimeEvt_ctorX                           0x00000bd9   Thumb Code    68  qf_time.o(.text.QTimeEvt_ctorX)
    QTimeEvt_init                            0x00000c1d   Thumb Code    16  qf_time.o(.text.QTimeEvt_init)
    QTimeEvt_tick_                           0x00000c2d   Thumb Code   160  qf_time.o(.text.QTimeEvt_tick_)
    QV_init                                  0x00000cd9   Thumb Code     2  qv_port.o(.text.QV_init)
    QV_onIdle                                0x00000cdb   Thumb Code     8  bsp.o(.text.QV_onIdle)
    Q_onError                                0x00000ce3   Thumb Code     4  bsp.o(.text.Q_onError)
    RTC_IRQHandler                           0x00000ce7   Thumb Code     8  interrupts_hc32l19x.o(.text.RTC_IRQHandler)
    SPI0_IRQHandler                          0x00000cef   Thumb Code     8  interrupts_hc32l19x.o(.text.SPI0_IRQHandler)
    SPI1_IRQHandler                          0x00000cf7   Thumb Code     8  interrupts_hc32l19x.o(.text.SPI1_IRQHandler)
    SysTick_Handler                          0x00000cff   Thumb Code     8  interrupts_hc32l19x.o(.text.SysTick_Handler)
    SysTick_IRQHandler                       0x00000d09   Thumb Code    20  bsp.o(.text.SysTick_IRQHandler)
    Sysctrl_ClkSourceEnable                  0x00000d21   Thumb Code   276  sysctrl.o(.text.Sysctrl_ClkSourceEnable)
    Sysctrl_GetHClkFreq                      0x00000e41   Thumb Code   212  sysctrl.o(.text.Sysctrl_GetHClkFreq)
    Sysctrl_SetHCLKDiv                       0x00000f25   Thumb Code    32  sysctrl.o(.text.Sysctrl_SetHCLKDiv)
    Sysctrl_SetPCLKDiv                       0x00000f45   Thumb Code    32  sysctrl.o(.text.Sysctrl_SetPCLKDiv)
    Sysctrl_SetPLLFreq                       0x00000f65   Thumb Code   164  sysctrl.o(.text.Sysctrl_SetPLLFreq)
    Sysctrl_SetXTHFreq                       0x00001015   Thumb Code    20  sysctrl.o(.text.Sysctrl_SetXTHFreq)
    Sysctrl_SetXTHStableTime                 0x00001029   Thumb Code    20  sysctrl.o(.text.Sysctrl_SetXTHStableTime)
    Sysctrl_SysClkSwitch                     0x0000103d   Thumb Code    36  sysctrl.o(.text.Sysctrl_SysClkSwitch)
    Sysctrl_XTHDriverCfg                     0x0000106d   Thumb Code    20  sysctrl.o(.text.Sysctrl_XTHDriverCfg)
    SystemCoreClockUpdate                    0x00001085   Thumb Code    12  system_hc32l19x.o(.text.SystemCoreClockUpdate)
    SystemInit                               0x00001091   Thumb Code    96  system_hc32l19x.o(.text.SystemInit)
    TIM0_IRQHandler                          0x00001119   Thumb Code     8  interrupts_hc32l19x.o(.text.TIM0_IRQHandler)
    TIM1_IRQHandler                          0x00001121   Thumb Code     8  interrupts_hc32l19x.o(.text.TIM1_IRQHandler)
    TIM2_IRQHandler                          0x00001129   Thumb Code     8  interrupts_hc32l19x.o(.text.TIM2_IRQHandler)
    TIM3_IRQHandler                          0x00001131   Thumb Code     8  interrupts_hc32l19x.o(.text.TIM3_IRQHandler)
    TIM4_IRQHandler                          0x00001139   Thumb Code     8  interrupts_hc32l19x.o(.text.TIM4_IRQHandler)
    TIM5_IRQHandler                          0x00001141   Thumb Code     8  interrupts_hc32l19x.o(.text.TIM5_IRQHandler)
    TIM6_IRQHandler                          0x00001149   Thumb Code     8  interrupts_hc32l19x.o(.text.TIM6_IRQHandler)
    UART0_2_IRQHandler                       0x00001151   Thumb Code    12  interrupts_hc32l19x.o(.text.UART0_2_IRQHandler)
    UART1_3_IRQHandler                       0x0000115d   Thumb Code    12  interrupts_hc32l19x.o(.text.UART1_3_IRQHandler)
    VC0_IRQHandler                           0x00001169   Thumb Code     8  interrupts_hc32l19x.o(.text.VC0_IRQHandler)
    VC1_2_IRQHandler                         0x00001171   Thumb Code    12  interrupts_hc32l19x.o(.text.VC1_2_IRQHandler)
    WDT_IRQHandler                           0x0000117d   Thumb Code     8  interrupts_hc32l19x.o(.text.WDT_IRQHandler)
    assert_failed                            0x000011a1   Thumb Code     4  bsp.o(.text.assert_failed)
    delay10us                                0x000011a5   Thumb Code    52  ddl.o(.text.delay10us)
    delay1ms                                 0x000011dd   Thumb Code    56  ddl.o(.text.delay1ms)
    $Super$$main                             0x0000121d   Thumb Code    20  main.o(.text.main)
    task_high                                0x00001231   Thumb Code     2  task_high.o(.text.task_high)
    task_mid                                 0x00001233   Thumb Code     2  task_mid.o(.text.task_mid)
    __scatterload_copy                       0x00001235   Thumb Code    14  handlers.o(i.__scatterload_copy)
    __scatterload_null                       0x00001243   Thumb Code     2  handlers.o(i.__scatterload_null)
    __scatterload_zeroinit                   0x00001245   Thumb Code    14  handlers.o(i.__scatterload_zeroinit)
    AO_Period_High                           0x00001254   Data           4  period_high.o(.rodata.AO_Period_High)
    AO_Periodic_Low                          0x00001258   Data           4  period_low.o(.rodata.AO_Periodic_Low)
    AO_Periodic_Mid                          0x0000125c   Data           4  period_mid.o(.rodata.AO_Periodic_Mid)
    QF_port_module_                          0x00001298   Data           8  qv_port.o(.rodata.QF_port_module_)
    Region$$Table$$Base                      0x00001344   Number         0  anon$$obj.o(Region$$Table)
    Region$$Table$$Limit                     0x00001364   Number         0  anon$$obj.o(Region$$Table)
    SystemCoreClock                          0x20000000   Data           4  system_hc32l19x.o(.data.SystemCoreClock)
    PeriodHigh_inst                          0x20000084   Data          72  period_high.o(.bss.PeriodHigh_inst)
    PeriodLow_inst                           0x200000cc   Data          72  period_low.o(.bss.PeriodLow_inst)
    PeriodMid_inst                           0x20000114   Data          72  period_mid.o(.bss.PeriodMid_inst)
    QActive_registry_                        0x2000015c   Data         132  qf_act.o(.bss.QActive_registry_)
    QF_priv_                                 0x200001e0   Data          64  qf_act.o(.bss.QF_priv_)
    QTimeEvt_timeEvtHead_                    0x20000220   Data          24  qf_time.o(.bss.QTimeEvt_timeEvtHead_)
    QV_priv_                                 0x20000238   Data           8  qv.o(.bss.QV_priv_)
    __initial_sp                             0x20001240   Data           0  startup_hc32l19x.o(STACK)



==============================================================================

Memory Map of the image

  Image Entry point : 0x000000c1

  Load Region LR_IROM1 (Base: 0x00000000, Size: 0x00001370, Max: 0x00040000, ABSOLUTE)

    Execution Region ER_IROM1 (Exec base: 0x00000000, Load base: 0x00000000, Size: 0x00001364, Max: 0x00040000, ABSOLUTE)

    Exec Addr    Load Addr    Size         Type   Attr      Idx    E Section Name        Object

    0x00000000   0x00000000   0x000000c0   Data   RO            3    RESET               startup_hc32l19x.o
    0x000000c0   0x000000c0   0x00000000   Code   RO         1577  * .ARM.Collect$$$$00000000  mc_p.l(entry.o)
    0x000000c0   0x000000c0   0x00000004   Code   RO         1594    .ARM.Collect$$$$00000001  mc_p.l(entry2.o)
    0x000000c4   0x000000c4   0x00000004   Code   RO         1597    .ARM.Collect$$$$00000004  mc_p.l(entry5.o)
    0x000000c8   0x000000c8   0x00000000   Code   RO         1599    .ARM.Collect$$$$00000008  mc_p.l(entry7b.o)
    0x000000c8   0x000000c8   0x00000000   Code   RO         1601    .ARM.Collect$$$$0000000A  mc_p.l(entry8b.o)
    0x000000c8   0x000000c8   0x00000008   Code   RO         1602    .ARM.Collect$$$$0000000B  mc_p.l(entry9a.o)
    0x000000d0   0x000000d0   0x00000000   Code   RO         1604    .ARM.Collect$$$$0000000D  mc_p.l(entry10a.o)
    0x000000d0   0x000000d0   0x00000000   Code   RO         1606    .ARM.Collect$$$$0000000F  mc_p.l(entry11a.o)
    0x000000d0   0x000000d0   0x00000004   Code   RO         1595    .ARM.Collect$$$$00002712  mc_p.l(entry2.o)
    0x000000d4   0x000000d4   0x0000003c   Code   RO            4    .text               startup_hc32l19x.o
    0x00000110   0x00000110   0x0000003e   Code   RO         1610    .text               mc_p.l(uidiv_div0.o)
    0x0000014e   0x0000014e   0x00000002   PAD
    0x00000150   0x00000150   0x00000030   Code   RO         1619    .text               mc_p.l(init.o)
    0x00000180   0x00000180   0x0000000e   Code   RO           17    .text.$Sub$$main    system_hc32l19x.o
    0x0000018e   0x0000018e   0x0000000c   Code   RO           82    .text.ADC_DAC_IRQHandler  interrupts_hc32l19x.o
    0x0000019a   0x0000019a   0x00000012   Code   RO          135    .text.App_ClkDivInit  bsp.o
    0x000001ac   0x000001ac   0x0000004e   Code   RO          137    .text.BSP_init      bsp.o
    0x000001fa   0x000001fa   0x00000002   PAD
    0x000001fc   0x000001fc   0x00000078   Code   RO          139    .text.BSP_start     bsp.o
    0x00000274   0x00000274   0x00000008   Code   RO           96    .text.CLKTRIM_IRQHandler  interrupts_hc32l19x.o
    0x0000027c   0x0000027c   0x00000008   Code   RO           42    .text.DMAC_IRQHandler  interrupts_hc32l19x.o
    0x00000284   0x00000284   0x0000000c   Code   RO           94    .text.FLASH_RAM_IRQHandler  interrupts_hc32l19x.o
    0x00000290   0x00000290   0x00000034   Code   RO          281    .text.Flash_WaitCycle  flash.o
    0x000002c4   0x000002c4   0x0000001c   Code   RO           30    .text.HardFault_Handler  interrupts_hc32l19x.o
    0x000002e0   0x000002e0   0x00000008   Code   RO           58    .text.I2C0_IRQHandler  interrupts_hc32l19x.o
    0x000002e8   0x000002e8   0x00000008   Code   RO           60    .text.I2C1_IRQHandler  interrupts_hc32l19x.o
    0x000002f0   0x000002f0   0x00000008   Code   RO           92    .text.LCD_IRQHandler  interrupts_hc32l19x.o
    0x000002f8   0x000002f8   0x0000000c   Code   RO           68    .text.LPTIM0_1_IRQHandler  interrupts_hc32l19x.o
    0x00000304   0x00000304   0x00000008   Code   RO           50    .text.LPUART0_IRQHandler  interrupts_hc32l19x.o
    0x0000030c   0x0000030c   0x00000008   Code   RO           52    .text.LPUART1_IRQHandler  interrupts_hc32l19x.o
    0x00000314   0x00000314   0x00000008   Code   RO           90    .text.LVD_IRQHandler  interrupts_hc32l19x.o
    0x0000031c   0x0000031c   0x00000008   Code   RO           76    .text.PCA_IRQHandler  interrupts_hc32l19x.o
    0x00000324   0x00000324   0x00000008   Code   RO           84    .text.PCNT_IRQHandler  interrupts_hc32l19x.o
    0x0000032c   0x0000032c   0x00000008   Code   RO           34    .text.PORTA_IRQHandler  interrupts_hc32l19x.o
    0x00000334   0x00000334   0x00000008   Code   RO           36    .text.PORTB_IRQHandler  interrupts_hc32l19x.o
    0x0000033c   0x0000033c   0x0000000c   Code   RO           38    .text.PORTC_E_IRQHandler  interrupts_hc32l19x.o
    0x00000348   0x00000348   0x0000000c   Code   RO           40    .text.PORTD_F_IRQHandler  interrupts_hc32l19x.o
    0x00000354   0x00000354   0x00000018   Code   RO         1525    .text.PeriodHigh_active  period_high.o
    0x0000036c   0x0000036c   0x00000024   Code   RO         1521    .text.PeriodHigh_ctor  period_high.o
    0x00000390   0x00000390   0x00000040   Code   RO         1523    .text.PeriodHigh_initial  period_high.o
    0x000003d0   0x000003d0   0x00000018   Code   RO         1544    .text.PeriodMid_active  period_mid.o
    0x000003e8   0x000003e8   0x00000024   Code   RO         1540    .text.PeriodMid_ctor  period_mid.o
    0x0000040c   0x0000040c   0x00000040   Code   RO         1542    .text.PeriodMid_initial  period_mid.o
    0x0000044c   0x0000044c   0x00000060   Code   RO         1310    .text.QActive_get_  qf_actq.o
    0x000004ac   0x000004ac   0x000000b4   Code   RO         1306    .text.QActive_post_  qf_actq.o
    0x00000560   0x00000560   0x00000094   Code   RO         1408    .text.QActive_register_  qf_qact.o
    0x000005f4   0x000005f4   0x00000060   Code   RO         1489    .text.QActive_start  qv.o
    0x00000654   0x00000654   0x0000003c   Code   RO         1422    .text.QEQueue_init  qf_qeq.o
    0x00000690   0x00000690   0x00000010   Code   RO         1294    .text.QF_bzero_     qf_act.o
    0x000006a0   0x000006a0   0x0000001c   Code   RO         1505    .text.QF_crit_entry_  qv_port.o
    0x000006bc   0x000006bc   0x0000001c   Code   RO         1507    .text.QF_crit_exit_  qv_port.o
    0x000006d8   0x000006d8   0x00000068   Code   RO         1356    .text.QF_gc         qf_dyn.o
    0x00000740   0x00000740   0x00000028   Code   RO         1483    .text.QF_init       qv.o
    0x00000768   0x00000768   0x0000001c   Code   RO         1501    .text.QF_int_disable_  qv_port.o
    0x00000784   0x00000784   0x0000001c   Code   RO         1503    .text.QF_int_enable_  qv_port.o
    0x000007a0   0x000007a0   0x00000040   Code   RO          141    .text.QF_onStartup  bsp.o
    0x000007e0   0x000007e0   0x00000038   Code   RO         1511    .text.QF_qlog2      qv_port.o
    0x00000818   0x00000818   0x00000074   Code   RO         1487    .text.QF_run        qv.o
    0x0000088c   0x0000088c   0x00000020   Code   RO         1439    .text.QMActive_ctor  qf_qmact.o
    0x000008ac   0x000008ac   0x00000064   Code   RO         1375    .text.QMPool_put    qf_mem.o
    0x00000910   0x00000910   0x00000010   Code   RO         1269    .text.QMsm_ctor     qep_msm.o
    0x00000920   0x00000920   0x0000012c   Code   RO         1273    .text.QMsm_dispatch_  qep_msm.o
    0x00000a4c   0x00000a4c   0x00000044   Code   RO         1277    .text.QMsm_execTatbl_  qep_msm.o
    0x00000a90   0x00000a90   0x00000030   Code   RO         1279    .text.QMsm_exitToTranSource_  qep_msm.o
    0x00000ac0   0x00000ac0   0x00000084   Code   RO         1271    .text.QMsm_init_    qep_msm.o
    0x00000b44   0x00000b44   0x00000030   Code   RO         1275    .text.QMsm_isIn_    qep_msm.o
    0x00000b74   0x00000b74   0x00000064   Code   RO         1451    .text.QTimeEvt_armX  qf_time.o
    0x00000bd8   0x00000bd8   0x00000044   Code   RO         1449    .text.QTimeEvt_ctorX  qf_time.o
    0x00000c1c   0x00000c1c   0x00000010   Code   RO         1461    .text.QTimeEvt_init  qf_time.o
    0x00000c2c   0x00000c2c   0x000000ac   Code   RO         1463    .text.QTimeEvt_tick_  qf_time.o
    0x00000cd8   0x00000cd8   0x00000002   Code   RO         1509    .text.QV_init       qv_port.o
    0x00000cda   0x00000cda   0x00000008   Code   RO          145    .text.QV_onIdle     bsp.o
    0x00000ce2   0x00000ce2   0x00000004   Code   RO          115    .text.Q_onError     bsp.o
    0x00000ce6   0x00000ce6   0x00000008   Code   RO           80    .text.RTC_IRQHandler  interrupts_hc32l19x.o
    0x00000cee   0x00000cee   0x00000008   Code   RO           54    .text.SPI0_IRQHandler  interrupts_hc32l19x.o
    0x00000cf6   0x00000cf6   0x00000008   Code   RO           56    .text.SPI1_IRQHandler  interrupts_hc32l19x.o
    0x00000cfe   0x00000cfe   0x00000008   Code   RO           32    .text.SysTick_Handler  interrupts_hc32l19x.o
    0x00000d06   0x00000d06   0x00000002   PAD
    0x00000d08   0x00000d08   0x00000018   Code   RO          133    .text.SysTick_IRQHandler  bsp.o
    0x00000d20   0x00000d20   0x00000120   Code   RO          204    .text.Sysctrl_ClkSourceEnable  sysctrl.o
    0x00000e40   0x00000e40   0x000000e4   Code   RO          220    .text.Sysctrl_GetHClkFreq  sysctrl.o
    0x00000f24   0x00000f24   0x00000020   Code   RO          226    .text.Sysctrl_SetHCLKDiv  sysctrl.o
    0x00000f44   0x00000f44   0x00000020   Code   RO          228    .text.Sysctrl_SetPCLKDiv  sysctrl.o
    0x00000f64   0x00000f64   0x000000b0   Code   RO          236    .text.Sysctrl_SetPLLFreq  sysctrl.o
    0x00001014   0x00001014   0x00000014   Code   RO          234    .text.Sysctrl_SetXTHFreq  sysctrl.o
    0x00001028   0x00001028   0x00000014   Code   RO          210    .text.Sysctrl_SetXTHStableTime  sysctrl.o
    0x0000103c   0x0000103c   0x00000030   Code   RO          218    .text.Sysctrl_SysClkSwitch  sysctrl.o
    0x0000106c   0x0000106c   0x00000018   Code   RO          206    .text.Sysctrl_XTHDriverCfg  sysctrl.o
    0x00001084   0x00001084   0x0000000c   Code   RO           13    .text.SystemCoreClockUpdate  system_hc32l19x.o
    0x00001090   0x00001090   0x00000088   Code   RO           15    .text.SystemInit    system_hc32l19x.o
    0x00001118   0x00001118   0x00000008   Code   RO           62    .text.TIM0_IRQHandler  interrupts_hc32l19x.o
    0x00001120   0x00001120   0x00000008   Code   RO           64    .text.TIM1_IRQHandler  interrupts_hc32l19x.o
    0x00001128   0x00001128   0x00000008   Code   RO           66    .text.TIM2_IRQHandler  interrupts_hc32l19x.o
    0x00001130   0x00001130   0x00000008   Code   RO           44    .text.TIM3_IRQHandler  interrupts_hc32l19x.o
    0x00001138   0x00001138   0x00000008   Code   RO           70    .text.TIM4_IRQHandler  interrupts_hc32l19x.o
    0x00001140   0x00001140   0x00000008   Code   RO           72    .text.TIM5_IRQHandler  interrupts_hc32l19x.o
    0x00001148   0x00001148   0x00000008   Code   RO           74    .text.TIM6_IRQHandler  interrupts_hc32l19x.o
    0x00001150   0x00001150   0x0000000c   Code   RO           46    .text.UART0_2_IRQHandler  interrupts_hc32l19x.o
    0x0000115c   0x0000115c   0x0000000c   Code   RO           48    .text.UART1_3_IRQHandler  interrupts_hc32l19x.o
    0x00001168   0x00001168   0x00000008   Code   RO           86    .text.VC0_IRQHandler  interrupts_hc32l19x.o
    0x00001170   0x00001170   0x0000000c   Code   RO           88    .text.VC1_2_IRQHandler  interrupts_hc32l19x.o
    0x0000117c   0x0000117c   0x00000008   Code   RO           78    .text.WDT_IRQHandler  interrupts_hc32l19x.o
    0x00001184   0x00001184   0x0000001c   Code   RO          117    .text.__NVIC_SystemReset  bsp.o
    0x000011a0   0x000011a0   0x00000004   Code   RO          119    .text.assert_failed  bsp.o
    0x000011a4   0x000011a4   0x00000038   Code   RO          190    .text.delay10us     ddl.o
    0x000011dc   0x000011dc   0x00000040   Code   RO          186    .text.delay1ms      ddl.o
    0x0000121c   0x0000121c   0x00000014   Code   RO          106    .text.main          main.o
    0x00001230   0x00001230   0x00000002   Code   RO          158    .text.task_high     task_high.o
    0x00001232   0x00001232   0x00000002   Code   RO          174    .text.task_mid      task_mid.o
    0x00001234   0x00001234   0x0000000e   Code   RO         1623    i.__scatterload_copy  mc_p.l(handlers.o)
    0x00001242   0x00001242   0x00000002   Code   RO         1624    i.__scatterload_null  mc_p.l(handlers.o)
    0x00001244   0x00001244   0x0000000e   Code   RO         1625    i.__scatterload_zeroinit  mc_p.l(handlers.o)
    0x00001252   0x00001252   0x00000002   PAD
    0x00001254   0x00001254   0x00000004   Data   RO         1528    .rodata.AO_Period_High  period_high.o
    0x00001258   0x00001258   0x00000004   Data   RO         1566    .rodata.AO_Periodic_Low  period_low.o
    0x0000125c   0x0000125c   0x00000004   Data   RO         1547    .rodata.AO_Periodic_Mid  period_mid.o
    0x00001260   0x00001260   0x00000014   Data   RO         1531    .rodata.PeriodHigh_active_s  period_high.o
    0x00001274   0x00001274   0x00000008   Data   RO         1530    .rodata.PeriodHigh_initial.tatbl_  period_high.o
    0x0000127c   0x0000127c   0x00000014   Data   RO         1550    .rodata.PeriodMid_active_s  period_mid.o
    0x00001290   0x00001290   0x00000008   Data   RO         1549    .rodata.PeriodMid_initial.tatbl_  period_mid.o
    0x00001298   0x00001298   0x00000008   Data   RO         1513    .rodata.QF_port_module_  qv_port.o
    0x000012a0   0x000012a0   0x0000000c   Data   RO         1441    .rodata.QMActive_ctor.vtable  qf_qmact.o
    0x000012ac   0x000012ac   0x0000000c   Data   RO         1283    .rodata.QMsm_ctor.vtable  qep_msm.o
    0x000012b8   0x000012b8   0x00000008   Data   RO         1285    .rodata.Q_this_module_  qep_msm.o
    0x000012c0   0x000012c0   0x00000008   Data   RO         1322    .rodata.Q_this_module_  qf_actq.o
    0x000012c8   0x000012c8   0x00000007   Data   RO         1362    .rodata.Q_this_module_  qf_dyn.o
    0x000012cf   0x000012cf   0x00000007   Data   RO         1377    .rodata.Q_this_module_  qf_mem.o
    0x000012d6   0x000012d6   0x00000008   Data   RO         1413    .rodata.Q_this_module_  qf_qact.o
    0x000012de   0x000012de   0x00000007   Data   RO         1430    .rodata.Q_this_module_  qf_qeq.o
    0x000012e5   0x000012e5   0x00000008   Data   RO         1469    .rodata.Q_this_module_  qf_time.o
    0x000012ed   0x000012ed   0x00000003   Data   RO         1492    .rodata.Q_this_module_  qv.o
    0x000012f0   0x000012f0   0x0000000e   Data   RO         1529    .rodata.Q_this_module_  period_high.o
    0x000012fe   0x000012fe   0x0000000d   Data   RO         1548    .rodata.Q_this_module_  period_mid.o
    0x0000130b   0x0000130b   0x00000001   PAD
    0x0000130c   0x0000130c   0x00000014   Data   RO         1284    .rodata.l_msm_top_s  qep_msm.o
    0x00001320   0x00001320   0x00000024   Data   RO          148    .rodata.periodicSpec  bsp.o
    0x00001344   0x00001344   0x00000020   Data   RO         1622    Region$$Table       anon$$obj.o


    Execution Region RW_IRAM1 (Exec base: 0x20000000, Load base: 0x00001368, Size: 0x00001240, Max: 0x00008000, ABSOLUTE)

    Exec Addr    Load Addr    Size         Type   Attr      Idx    E Section Name        Object

    0x20000000   0x00001368   0x00000004   Data   RW           19    .data.SystemCoreClock  system_hc32l19x.o
    0x20000004   0x0000136c   0x00000004   PAD
    0x20000008        -       0x00000078   Zero   RW          149    .bss..L_MergedGlobals  bsp.o
    0x20000080        -       0x00000004   Zero   RW          147    .bss.BSP_SysTick    bsp.o
    0x20000084        -       0x00000048   Zero   RW         1527    .bss.PeriodHigh_inst  period_high.o
    0x200000cc        -       0x00000048   Zero   RW         1565    .bss.PeriodLow_inst  period_low.o
    0x20000114        -       0x00000048   Zero   RW         1546    .bss.PeriodMid_inst  period_mid.o
    0x2000015c        -       0x00000084   Zero   RW         1298    .bss.QActive_registry_  qf_act.o
    0x200001e0        -       0x00000040   Zero   RW         1297    .bss.QF_priv_       qf_act.o
    0x20000220        -       0x00000018   Zero   RW         1470    .bss.QTimeEvt_timeEvtHead_  qf_time.o
    0x20000238        -       0x00000008   Zero   RW         1491    .bss.QV_priv_       qv.o
    0x20000240        -       0x00001000   Zero   RW            1    STACK               startup_hc32l19x.o


==============================================================================

Image component sizes


      Code (inc. data)   RO Data    RW Data    ZI Data      Debug   Object Name

       348         52         36          0        124       8081   bsp.o
       120         12          0          0          0       3178   ddl.o
        52         12          0          0          0       8582   flash.o
       324          8          0          0          0       6252   interrupts_hc32l19x.o
        20          0          0          0          0        489   main.o
       124         16         46          0         72       3687   period_high.o
         0          0          4          0         72       3584   period_low.o
       124         16         45          0         72       3680   period_mid.o
       612         16         40          0          0       7015   qep_msm.o
        16          0          0          0        196       2778   qf_act.o
       276          8          8          0          0       6502   qf_actq.o
       104          4          7          0          0       4039   qf_dyn.o
       100          4          7          0          0       3099   qf_mem.o
       148          4          8          0          0       3146   qf_qact.o
        60          4          7          0          0       3483   qf_qeq.o
        32          4         12          0          0       2418   qf_qmact.o
       356         12          8          0         24       6955   qf_time.o
       252         20          3          0          8       4208   qv.o
       170         52          8          0          0       1089   qv_port.o
        60         22        192          0       4096        624   startup_hc32l19x.o
       868         68          0          0          0      66054   sysctrl.o
       162         40          0          4          0      54622   system_hc32l19x.o
         2          0          0          0          0        554   task_high.o
         2          0          0          0          0        551   task_mid.o

    ----------------------------------------------------------------------
      4336        374        464          4       4668     204670   Object Totals
         0          0         32          0          0          0   (incl. Generated)
         4          0          1          0          4          0   (incl. Padding)

    ----------------------------------------------------------------------

      Code (inc. data)   RO Data    RW Data    ZI Data      Debug   Library Member Name

         0          0          0          0          0          0   entry.o
         0          0          0          0          0          0   entry10a.o
         0          0          0          0          0          0   entry11a.o
         8          4          0          0          0          0   entry2.o
         4          0          0          0          0          0   entry5.o
         0          0          0          0          0          0   entry7b.o
         0          0          0          0          0          0   entry8b.o
         8          4          0          0          0          0   entry9a.o
        30          0          0          0          0          0   handlers.o
        48         10          0          0          0         68   init.o
        62          0          0          0          0         72   uidiv_div0.o

    ----------------------------------------------------------------------
       164         18          0          0          0        140   Library Totals
         4          0          0          0          0          0   (incl. Padding)

    ----------------------------------------------------------------------

      Code (inc. data)   RO Data    RW Data    ZI Data      Debug   Library Name

       160         18          0          0          0        140   mc_p.l

    ----------------------------------------------------------------------
       164         18          0          0          0        140   Library Totals

    ----------------------------------------------------------------------

==============================================================================


      Code (inc. data)   RO Data    RW Data    ZI Data      Debug   

      4500        392        464          4       4668     204542   Grand Totals
      4500        392        464          4       4668     204542   ELF Image Totals
      4500        392        464          4          0          0   ROM Totals

==============================================================================

    Total RO  Size (Code + RO Data)                 4964 (   4.85kB)
    Total RW  Size (RW Data + ZI Data)              4672 (   4.56kB)
    Total ROM Size (Code + RO Data + RW Data)       4968 (   4.85kB)

==============================================================================

