Component: Arm Compiler for Embedded 6.24 Tool: armlink [5f371500]

==============================================================================

Image Symbol Table

    Local Symbols

    Symbol Name                              Value     Ov Type        Size  Object(Section)

    ../clib/division.s                       0x00000000   Number         0  aeabi_sdiv.o ABSOLUTE
    ../clib/division.s                       0x00000000   Number         0  aeabi_sdiv_div0.o ABSOLUTE
    ../clib/microlib/division.c              0x00000000   Number         0  uidiv.o ABSOLUTE
    ../clib/microlib/division.c              0x00000000   Number         0  uidiv_div0.o ABSOLUTE
    ../clib/microlib/division.c              0x00000000   Number         0  idiv_div0.o ABSOLUTE
    ../clib/microlib/division.c              0x00000000   Number         0  idiv0.o ABSOLUTE
    ../clib/microlib/init/entry.s            0x00000000   Number         0  entry.o ABSOLUTE
    ../clib/microlib/init/entry.s            0x00000000   Number         0  entry2.o ABSOLUTE
    ../clib/microlib/init/entry.s            0x00000000   Number         0  entry5.o ABSOLUTE
    ../clib/microlib/init/entry.s            0x00000000   Number         0  entry7a.o ABSOLUTE
    ../clib/microlib/init/entry.s            0x00000000   Number         0  entry7b.o ABSOLUTE
    ../clib/microlib/init/entry.s            0x00000000   Number         0  entry8a.o ABSOLUTE
    ../clib/microlib/init/entry.s            0x00000000   Number         0  entry8b.o ABSOLUTE
    ../clib/microlib/init/entry.s            0x00000000   Number         0  entry9a.o ABSOLUTE
    ../clib/microlib/init/entry.s            0x00000000   Number         0  entry9b.o ABSOLUTE
    ../clib/microlib/init/entry.s            0x00000000   Number         0  entry10a.o ABSOLUTE
    ../clib/microlib/init/entry.s            0x00000000   Number         0  entry10b.o ABSOLUTE
    ../clib/microlib/init/entry.s            0x00000000   Number         0  entry11a.o ABSOLUTE
    ../clib/microlib/init/entry.s            0x00000000   Number         0  entry11b.o ABSOLUTE
    dc.s                                     0x00000000   Number         0  dc.o ABSOLUTE
    ddl.c                                    0x00000000   Number         0  ddl.o ABSOLUTE
    handlers.s                               0x00000000   Number         0  handlers.o ABSOLUTE
    init.s                                   0x00000000   Number         0  init.o ABSOLUTE
    interrupts_hc32l19x.c                    0x00000000   Number         0  interrupts_hc32l19x.o ABSOLUTE
    main.c                                   0x00000000   Number         0  main.o ABSOLUTE
    startup_hc32l19x.s                       0x00000000   Number         0  startup_hc32l19x.o ABSOLUTE
    sysctrl.c                                0x00000000   Number         0  sysctrl.o ABSOLUTE
    system_hc32l19x.c                        0x00000000   Number         0  system_hc32l19x.o ABSOLUTE
    RESET                                    0x00000000   Section      192  startup_hc32l19x.o(RESET)
    .ARM.Collect$$$$00000000                 0x000000c0   Section        0  entry.o(.ARM.Collect$$$$00000000)
    .ARM.Collect$$$$00000001                 0x000000c0   Section        4  entry2.o(.ARM.Collect$$$$00000001)
    .ARM.Collect$$$$00000004                 0x000000c4   Section        4  entry5.o(.ARM.Collect$$$$00000004)
    .ARM.Collect$$$$00000008                 0x000000c8   Section        0  entry7b.o(.ARM.Collect$$$$00000008)
    .ARM.Collect$$$$0000000A                 0x000000c8   Section        0  entry8b.o(.ARM.Collect$$$$0000000A)
    .ARM.Collect$$$$0000000B                 0x000000c8   Section        8  entry9a.o(.ARM.Collect$$$$0000000B)
    __lit__00000000                          0x000000d0   Data           4  entry2.o(.ARM.Collect$$$$00002712)
    .ARM.Collect$$$$0000000D                 0x000000d0   Section        0  entry10a.o(.ARM.Collect$$$$0000000D)
    .ARM.Collect$$$$0000000F                 0x000000d0   Section        0  entry11a.o(.ARM.Collect$$$$0000000F)
    .ARM.Collect$$$$00002712                 0x000000d0   Section        4  entry2.o(.ARM.Collect$$$$00002712)
    .text                                    0x000000d4   Section       60  startup_hc32l19x.o(.text)
    .text                                    0x00000110   Section       48  init.o(.text)
    [Anonymous Symbol]                       0x00000140   Section        0  system_hc32l19x.o(.text.$Sub$$main)
    [Anonymous Symbol]                       0x0000014e   Section        0  interrupts_hc32l19x.o(.text.ADC_DAC_IRQHandler)
    [Anonymous Symbol]                       0x0000015a   Section        0  interrupts_hc32l19x.o(.text.CLKTRIM_IRQHandler)
    [Anonymous Symbol]                       0x00000162   Section        0  interrupts_hc32l19x.o(.text.DMAC_IRQHandler)
    [Anonymous Symbol]                       0x0000016a   Section        0  interrupts_hc32l19x.o(.text.FLASH_RAM_IRQHandler)
    [Anonymous Symbol]                       0x00000176   Section        0  interrupts_hc32l19x.o(.text.HardFault_Handler)
    [Anonymous Symbol]                       0x00000186   Section        0  interrupts_hc32l19x.o(.text.I2C0_IRQHandler)
    [Anonymous Symbol]                       0x0000018e   Section        0  interrupts_hc32l19x.o(.text.I2C1_IRQHandler)
    [Anonymous Symbol]                       0x00000196   Section        0  interrupts_hc32l19x.o(.text.LCD_IRQHandler)
    [Anonymous Symbol]                       0x0000019e   Section        0  interrupts_hc32l19x.o(.text.LPTIM0_1_IRQHandler)
    [Anonymous Symbol]                       0x000001aa   Section        0  interrupts_hc32l19x.o(.text.LPUART0_IRQHandler)
    [Anonymous Symbol]                       0x000001b2   Section        0  interrupts_hc32l19x.o(.text.LPUART1_IRQHandler)
    [Anonymous Symbol]                       0x000001ba   Section        0  interrupts_hc32l19x.o(.text.LVD_IRQHandler)
    [Anonymous Symbol]                       0x000001c2   Section        0  interrupts_hc32l19x.o(.text.PCA_IRQHandler)
    [Anonymous Symbol]                       0x000001ca   Section        0  interrupts_hc32l19x.o(.text.PCNT_IRQHandler)
    [Anonymous Symbol]                       0x000001d2   Section        0  interrupts_hc32l19x.o(.text.PORTA_IRQHandler)
    [Anonymous Symbol]                       0x000001da   Section        0  interrupts_hc32l19x.o(.text.PORTB_IRQHandler)
    [Anonymous Symbol]                       0x000001e2   Section        0  interrupts_hc32l19x.o(.text.PORTC_E_IRQHandler)
    [Anonymous Symbol]                       0x000001ee   Section        0  interrupts_hc32l19x.o(.text.PORTD_F_IRQHandler)
    [Anonymous Symbol]                       0x000001fa   Section        0  interrupts_hc32l19x.o(.text.RTC_IRQHandler)
    [Anonymous Symbol]                       0x00000202   Section        0  interrupts_hc32l19x.o(.text.SPI0_IRQHandler)
    [Anonymous Symbol]                       0x0000020a   Section        0  interrupts_hc32l19x.o(.text.SPI1_IRQHandler)
    [Anonymous Symbol]                       0x00000212   Section        0  interrupts_hc32l19x.o(.text.SysTick_Handler)
    [Anonymous Symbol]                       0x0000021c   Section        0  sysctrl.o(.text.Sysctrl_GetHClkFreq)
    __arm_cp.8_0                             0x000002f8   Number         4  sysctrl.o(.text.Sysctrl_GetHClkFreq)
    __arm_cp.8_2                             0x000002fc   Number         4  sysctrl.o(.text.Sysctrl_GetHClkFreq)
    __arm_cp.8_4                             0x00000300   Number         4  sysctrl.o(.text.Sysctrl_GetHClkFreq)
    __arm_cp.8_5                             0x00000304   Number         4  sysctrl.o(.text.Sysctrl_GetHClkFreq)
    __arm_cp.8_6                             0x00000308   Number         4  sysctrl.o(.text.Sysctrl_GetHClkFreq)
    __arm_cp.8_7                             0x0000030c   Number         4  sysctrl.o(.text.Sysctrl_GetHClkFreq)
    __arm_cp.8_8                             0x00000310   Number         4  sysctrl.o(.text.Sysctrl_GetHClkFreq)
    [Anonymous Symbol]                       0x00000314   Section        0  system_hc32l19x.o(.text.SystemCoreClockUpdate)
    __arm_cp.0_0                             0x00000330   Number         4  system_hc32l19x.o(.text.SystemCoreClockUpdate)
    __arm_cp.0_1                             0x00000334   Number         4  system_hc32l19x.o(.text.SystemCoreClockUpdate)
    __arm_cp.0_2                             0x00000338   Number         4  system_hc32l19x.o(.text.SystemCoreClockUpdate)
    [Anonymous Symbol]                       0x0000033c   Section        0  system_hc32l19x.o(.text.SystemInit)
    __arm_cp.1_0                             0x00000390   Number         4  system_hc32l19x.o(.text.SystemInit)
    __arm_cp.1_1                             0x00000394   Number         4  system_hc32l19x.o(.text.SystemInit)
    __arm_cp.1_2                             0x00000398   Number         4  system_hc32l19x.o(.text.SystemInit)
    __arm_cp.1_3                             0x0000039c   Number         4  system_hc32l19x.o(.text.SystemInit)
    __arm_cp.1_4                             0x000003a0   Number         4  system_hc32l19x.o(.text.SystemInit)
    __arm_cp.1_5                             0x000003a4   Number         4  system_hc32l19x.o(.text.SystemInit)
    __arm_cp.1_6                             0x000003a8   Number         4  system_hc32l19x.o(.text.SystemInit)
    __arm_cp.1_7                             0x000003ac   Number         4  system_hc32l19x.o(.text.SystemInit)
    [Anonymous Symbol]                       0x000003b0   Section        0  interrupts_hc32l19x.o(.text.TIM0_IRQHandler)
    [Anonymous Symbol]                       0x000003b8   Section        0  interrupts_hc32l19x.o(.text.TIM1_IRQHandler)
    [Anonymous Symbol]                       0x000003c0   Section        0  interrupts_hc32l19x.o(.text.TIM2_IRQHandler)
    [Anonymous Symbol]                       0x000003c8   Section        0  interrupts_hc32l19x.o(.text.TIM3_IRQHandler)
    [Anonymous Symbol]                       0x000003d0   Section        0  interrupts_hc32l19x.o(.text.TIM4_IRQHandler)
    [Anonymous Symbol]                       0x000003d8   Section        0  interrupts_hc32l19x.o(.text.TIM5_IRQHandler)
    [Anonymous Symbol]                       0x000003e0   Section        0  interrupts_hc32l19x.o(.text.TIM6_IRQHandler)
    [Anonymous Symbol]                       0x000003e8   Section        0  interrupts_hc32l19x.o(.text.UART0_2_IRQHandler)
    [Anonymous Symbol]                       0x000003f4   Section        0  interrupts_hc32l19x.o(.text.UART1_3_IRQHandler)
    [Anonymous Symbol]                       0x00000400   Section        0  interrupts_hc32l19x.o(.text.VC0_IRQHandler)
    [Anonymous Symbol]                       0x00000408   Section        0  interrupts_hc32l19x.o(.text.VC1_2_IRQHandler)
    [Anonymous Symbol]                       0x00000414   Section        0  interrupts_hc32l19x.o(.text.WDT_IRQHandler)
    [Anonymous Symbol]                       0x0000041c   Section        0  main.o(.text.main)
    i.__scatterload_copy                     0x0000041e   Section       14  handlers.o(i.__scatterload_copy)
    i.__scatterload_null                     0x0000042c   Section        2  handlers.o(i.__scatterload_null)
    i.__scatterload_zeroinit                 0x0000042e   Section       14  handlers.o(i.__scatterload_zeroinit)
    STACK                                    0x20000008   Section     4096  startup_hc32l19x.o(STACK)

    Global Symbols

    Symbol Name                              Value     Ov Type        Size  Object(Section)

    BuildAttributes$$THM_ISAv3M$S$PE$A:L22$X:L11$S22$IEEE1$IW$~IW$USESV6$~STKCKD$USESV7$WCHAR32$ENUMINT$~SHL$OSPACE$EBA8$MICROLIB$REQ8$PRES8$EABIv2 0x00000000   Number         0  anon$$obj.o ABSOLUTE
    __Vectors                                0x00000000   Data           0  startup_hc32l19x.o(RESET)
    Adc_IRQHandler                            - Undefined Weak Reference
    ClkTrim_IRQHandler                        - Undefined Weak Reference
    Dac_IRQHandler                            - Undefined Weak Reference
    Dmac_IRQHandler                           - Undefined Weak Reference
    Flash_IRQHandler                          - Undefined Weak Reference
    I2c0_IRQHandler                           - Undefined Weak Reference
    I2c1_IRQHandler                           - Undefined Weak Reference
    Lcd_IRQHandler                            - Undefined Weak Reference
    LpTim0_IRQHandler                         - Undefined Weak Reference
    LpTim1_IRQHandler                         - Undefined Weak Reference
    LpUart0_IRQHandler                        - Undefined Weak Reference
    LpUart1_IRQHandler                        - Undefined Weak Reference
    Lvd_IRQHandler                            - Undefined Weak Reference
    Pca_IRQHandler                            - Undefined Weak Reference
    Pcnt_IRQHandler                           - Undefined Weak Reference
    PortA_IRQHandler                          - Undefined Weak Reference
    PortB_IRQHandler                          - Undefined Weak Reference
    PortC_IRQHandler                          - Undefined Weak Reference
    PortD_IRQHandler                          - Undefined Weak Reference
    PortE_IRQHandler                          - Undefined Weak Reference
    PortF_IRQHandler                          - Undefined Weak Reference
    Ram_IRQHandler                            - Undefined Weak Reference
    Rtc_IRQHandler                            - Undefined Weak Reference
    Spi0_IRQHandler                           - Undefined Weak Reference
    Spi1_IRQHandler                           - Undefined Weak Reference
    SysTick_IRQHandler                        - Undefined Weak Reference
    Tim0_IRQHandler                           - Undefined Weak Reference
    Tim1_IRQHandler                           - Undefined Weak Reference
    Tim2_IRQHandler                           - Undefined Weak Reference
    Tim3_IRQHandler                           - Undefined Weak Reference
    Tim4_IRQHandler                           - Undefined Weak Reference
    Tim5_IRQHandler                           - Undefined Weak Reference
    Tim6_IRQHandler                           - Undefined Weak Reference
    Uart0_IRQHandler                          - Undefined Weak Reference
    Uart1_IRQHandler                          - Undefined Weak Reference
    Uart2_IRQHandler                          - Undefined Weak Reference
    Uart3_IRQHandler                          - Undefined Weak Reference
    Vc0_IRQHandler                            - Undefined Weak Reference
    Vc1_IRQHandler                            - Undefined Weak Reference
    Vc2_IRQHandler                            - Undefined Weak Reference
    Wdt_IRQHandler                            - Undefined Weak Reference
    __cpp_initialize__aeabi_                  - Undefined Weak Reference
    __cxa_finalize                            - Undefined Weak Reference
    __decompress                              - Undefined Weak Reference
    _clock_init                               - Undefined Weak Reference
    _microlib_exit                            - Undefined Weak Reference
    __Vectors_End                            0x000000c0   Data           0  startup_hc32l19x.o(RESET)
    __Vectors_Size                           0x000000c0   Number         0  startup_hc32l19x.o ABSOLUTE
    __main                                   0x000000c1   Thumb Code     0  entry.o(.ARM.Collect$$$$00000000)
    _main_stk                                0x000000c1   Thumb Code     0  entry2.o(.ARM.Collect$$$$00000001)
    _main_scatterload                        0x000000c5   Thumb Code     0  entry5.o(.ARM.Collect$$$$00000004)
    __main_after_scatterload                 0x000000c9   Thumb Code     0  entry5.o(.ARM.Collect$$$$00000004)
    _main_clock                              0x000000c9   Thumb Code     0  entry7b.o(.ARM.Collect$$$$00000008)
    _main_cpp_init                           0x000000c9   Thumb Code     0  entry8b.o(.ARM.Collect$$$$0000000A)
    _main_init                               0x000000c9   Thumb Code     0  entry9a.o(.ARM.Collect$$$$0000000B)
    __rt_final_cpp                           0x000000d1   Thumb Code     0  entry10a.o(.ARM.Collect$$$$0000000D)
    __rt_final_exit                          0x000000d1   Thumb Code     0  entry11a.o(.ARM.Collect$$$$0000000F)
    Reset_Handler                            0x000000d5   Thumb Code    26  startup_hc32l19x.o(.text)
    NMI_Handler                              0x000000ef   Thumb Code     2  startup_hc32l19x.o(.text)
    SVC_Handler                              0x000000f3   Thumb Code     2  startup_hc32l19x.o(.text)
    PendSV_Handler                           0x000000f5   Thumb Code     2  startup_hc32l19x.o(.text)
    __scatterload                            0x00000111   Thumb Code    38  init.o(.text)
    __scatterload_rt2                        0x00000111   Thumb Code     0  init.o(.text)
    main                                     0x00000141   Thumb Code    14  system_hc32l19x.o(.text.$Sub$$main)
    ADC_DAC_IRQHandler                       0x0000014f   Thumb Code    12  interrupts_hc32l19x.o(.text.ADC_DAC_IRQHandler)
    CLKTRIM_IRQHandler                       0x0000015b   Thumb Code     8  interrupts_hc32l19x.o(.text.CLKTRIM_IRQHandler)
    DMAC_IRQHandler                          0x00000163   Thumb Code     8  interrupts_hc32l19x.o(.text.DMAC_IRQHandler)
    FLASH_RAM_IRQHandler                     0x0000016b   Thumb Code    12  interrupts_hc32l19x.o(.text.FLASH_RAM_IRQHandler)
    HardFault_Handler                        0x00000177   Thumb Code    16  interrupts_hc32l19x.o(.text.HardFault_Handler)
    I2C0_IRQHandler                          0x00000187   Thumb Code     8  interrupts_hc32l19x.o(.text.I2C0_IRQHandler)
    I2C1_IRQHandler                          0x0000018f   Thumb Code     8  interrupts_hc32l19x.o(.text.I2C1_IRQHandler)
    LCD_IRQHandler                           0x00000197   Thumb Code     8  interrupts_hc32l19x.o(.text.LCD_IRQHandler)
    LPTIM0_1_IRQHandler                      0x0000019f   Thumb Code    12  interrupts_hc32l19x.o(.text.LPTIM0_1_IRQHandler)
    LPUART0_IRQHandler                       0x000001ab   Thumb Code     8  interrupts_hc32l19x.o(.text.LPUART0_IRQHandler)
    LPUART1_IRQHandler                       0x000001b3   Thumb Code     8  interrupts_hc32l19x.o(.text.LPUART1_IRQHandler)
    LVD_IRQHandler                           0x000001bb   Thumb Code     8  interrupts_hc32l19x.o(.text.LVD_IRQHandler)
    PCA_IRQHandler                           0x000001c3   Thumb Code     8  interrupts_hc32l19x.o(.text.PCA_IRQHandler)
    PCNT_IRQHandler                          0x000001cb   Thumb Code     8  interrupts_hc32l19x.o(.text.PCNT_IRQHandler)
    PORTA_IRQHandler                         0x000001d3   Thumb Code     8  interrupts_hc32l19x.o(.text.PORTA_IRQHandler)
    PORTB_IRQHandler                         0x000001db   Thumb Code     8  interrupts_hc32l19x.o(.text.PORTB_IRQHandler)
    PORTC_E_IRQHandler                       0x000001e3   Thumb Code    12  interrupts_hc32l19x.o(.text.PORTC_E_IRQHandler)
    PORTD_F_IRQHandler                       0x000001ef   Thumb Code    12  interrupts_hc32l19x.o(.text.PORTD_F_IRQHandler)
    RTC_IRQHandler                           0x000001fb   Thumb Code     8  interrupts_hc32l19x.o(.text.RTC_IRQHandler)
    SPI0_IRQHandler                          0x00000203   Thumb Code     8  interrupts_hc32l19x.o(.text.SPI0_IRQHandler)
    SPI1_IRQHandler                          0x0000020b   Thumb Code     8  interrupts_hc32l19x.o(.text.SPI1_IRQHandler)
    SysTick_Handler                          0x00000213   Thumb Code     8  interrupts_hc32l19x.o(.text.SysTick_Handler)
    Sysctrl_GetHClkFreq                      0x0000021d   Thumb Code   220  sysctrl.o(.text.Sysctrl_GetHClkFreq)
    SystemCoreClockUpdate                    0x00000315   Thumb Code    28  system_hc32l19x.o(.text.SystemCoreClockUpdate)
    SystemInit                               0x0000033d   Thumb Code    84  system_hc32l19x.o(.text.SystemInit)
    TIM0_IRQHandler                          0x000003b1   Thumb Code     8  interrupts_hc32l19x.o(.text.TIM0_IRQHandler)
    TIM1_IRQHandler                          0x000003b9   Thumb Code     8  interrupts_hc32l19x.o(.text.TIM1_IRQHandler)
    TIM2_IRQHandler                          0x000003c1   Thumb Code     8  interrupts_hc32l19x.o(.text.TIM2_IRQHandler)
    TIM3_IRQHandler                          0x000003c9   Thumb Code     8  interrupts_hc32l19x.o(.text.TIM3_IRQHandler)
    TIM4_IRQHandler                          0x000003d1   Thumb Code     8  interrupts_hc32l19x.o(.text.TIM4_IRQHandler)
    TIM5_IRQHandler                          0x000003d9   Thumb Code     8  interrupts_hc32l19x.o(.text.TIM5_IRQHandler)
    TIM6_IRQHandler                          0x000003e1   Thumb Code     8  interrupts_hc32l19x.o(.text.TIM6_IRQHandler)
    UART0_2_IRQHandler                       0x000003e9   Thumb Code    12  interrupts_hc32l19x.o(.text.UART0_2_IRQHandler)
    UART1_3_IRQHandler                       0x000003f5   Thumb Code    12  interrupts_hc32l19x.o(.text.UART1_3_IRQHandler)
    VC0_IRQHandler                           0x00000401   Thumb Code     8  interrupts_hc32l19x.o(.text.VC0_IRQHandler)
    VC1_2_IRQHandler                         0x00000409   Thumb Code    12  interrupts_hc32l19x.o(.text.VC1_2_IRQHandler)
    WDT_IRQHandler                           0x00000415   Thumb Code     8  interrupts_hc32l19x.o(.text.WDT_IRQHandler)
    $Super$$main                             0x0000041d   Thumb Code     2  main.o(.text.main)
    __scatterload_copy                       0x0000041f   Thumb Code    14  handlers.o(i.__scatterload_copy)
    __scatterload_null                       0x0000042d   Thumb Code     2  handlers.o(i.__scatterload_null)
    __scatterload_zeroinit                   0x0000042f   Thumb Code    14  handlers.o(i.__scatterload_zeroinit)
    Region$$Table$$Base                      0x0000043c   Number         0  anon$$obj.o(Region$$Table)
    Region$$Table$$Limit                     0x0000045c   Number         0  anon$$obj.o(Region$$Table)
    SystemCoreClock                          0x20000000   Data           4  system_hc32l19x.o(.data.SystemCoreClock)
    __initial_sp                             0x20001008   Data           0  startup_hc32l19x.o(STACK)



==============================================================================

Memory Map of the image

  Image Entry point : 0x000000c1

  Load Region LR_IROM1 (Base: 0x00000000, Size: 0x00000468, Max: 0x00040000, ABSOLUTE)

    Execution Region ER_IROM1 (Exec base: 0x00000000, Load base: 0x00000000, Size: 0x0000045c, Max: 0x00040000, ABSOLUTE)

    Exec Addr    Load Addr    Size         Type   Attr      Idx    E Section Name        Object

    0x00000000   0x00000000   0x000000c0   Data   RO            3    RESET               startup_hc32l19x.o
    0x000000c0   0x000000c0   0x00000000   Code   RO          187  * .ARM.Collect$$$$00000000  mc_p.l(entry.o)
    0x000000c0   0x000000c0   0x00000004   Code   RO          194    .ARM.Collect$$$$00000001  mc_p.l(entry2.o)
    0x000000c4   0x000000c4   0x00000004   Code   RO          197    .ARM.Collect$$$$00000004  mc_p.l(entry5.o)
    0x000000c8   0x000000c8   0x00000000   Code   RO          199    .ARM.Collect$$$$00000008  mc_p.l(entry7b.o)
    0x000000c8   0x000000c8   0x00000000   Code   RO          201    .ARM.Collect$$$$0000000A  mc_p.l(entry8b.o)
    0x000000c8   0x000000c8   0x00000008   Code   RO          202    .ARM.Collect$$$$0000000B  mc_p.l(entry9a.o)
    0x000000d0   0x000000d0   0x00000000   Code   RO          204    .ARM.Collect$$$$0000000D  mc_p.l(entry10a.o)
    0x000000d0   0x000000d0   0x00000000   Code   RO          206    .ARM.Collect$$$$0000000F  mc_p.l(entry11a.o)
    0x000000d0   0x000000d0   0x00000004   Code   RO          195    .ARM.Collect$$$$00002712  mc_p.l(entry2.o)
    0x000000d4   0x000000d4   0x0000003c   Code   RO            4    .text               startup_hc32l19x.o
    0x00000110   0x00000110   0x00000030   Code   RO          216    .text               mc_p.l(init.o)
    0x00000140   0x00000140   0x0000000e   Code   RO           15    .text.$Sub$$main    system_hc32l19x.o
    0x0000014e   0x0000014e   0x0000000c   Code   RO           80    .text.ADC_DAC_IRQHandler  interrupts_hc32l19x.o
    0x0000015a   0x0000015a   0x00000008   Code   RO           94    .text.CLKTRIM_IRQHandler  interrupts_hc32l19x.o
    0x00000162   0x00000162   0x00000008   Code   RO           40    .text.DMAC_IRQHandler  interrupts_hc32l19x.o
    0x0000016a   0x0000016a   0x0000000c   Code   RO           92    .text.FLASH_RAM_IRQHandler  interrupts_hc32l19x.o
    0x00000176   0x00000176   0x00000010   Code   RO           28    .text.HardFault_Handler  interrupts_hc32l19x.o
    0x00000186   0x00000186   0x00000008   Code   RO           56    .text.I2C0_IRQHandler  interrupts_hc32l19x.o
    0x0000018e   0x0000018e   0x00000008   Code   RO           58    .text.I2C1_IRQHandler  interrupts_hc32l19x.o
    0x00000196   0x00000196   0x00000008   Code   RO           90    .text.LCD_IRQHandler  interrupts_hc32l19x.o
    0x0000019e   0x0000019e   0x0000000c   Code   RO           66    .text.LPTIM0_1_IRQHandler  interrupts_hc32l19x.o
    0x000001aa   0x000001aa   0x00000008   Code   RO           48    .text.LPUART0_IRQHandler  interrupts_hc32l19x.o
    0x000001b2   0x000001b2   0x00000008   Code   RO           50    .text.LPUART1_IRQHandler  interrupts_hc32l19x.o
    0x000001ba   0x000001ba   0x00000008   Code   RO           88    .text.LVD_IRQHandler  interrupts_hc32l19x.o
    0x000001c2   0x000001c2   0x00000008   Code   RO           74    .text.PCA_IRQHandler  interrupts_hc32l19x.o
    0x000001ca   0x000001ca   0x00000008   Code   RO           82    .text.PCNT_IRQHandler  interrupts_hc32l19x.o
    0x000001d2   0x000001d2   0x00000008   Code   RO           32    .text.PORTA_IRQHandler  interrupts_hc32l19x.o
    0x000001da   0x000001da   0x00000008   Code   RO           34    .text.PORTB_IRQHandler  interrupts_hc32l19x.o
    0x000001e2   0x000001e2   0x0000000c   Code   RO           36    .text.PORTC_E_IRQHandler  interrupts_hc32l19x.o
    0x000001ee   0x000001ee   0x0000000c   Code   RO           38    .text.PORTD_F_IRQHandler  interrupts_hc32l19x.o
    0x000001fa   0x000001fa   0x00000008   Code   RO           78    .text.RTC_IRQHandler  interrupts_hc32l19x.o
    0x00000202   0x00000202   0x00000008   Code   RO           52    .text.SPI0_IRQHandler  interrupts_hc32l19x.o
    0x0000020a   0x0000020a   0x00000008   Code   RO           54    .text.SPI1_IRQHandler  interrupts_hc32l19x.o
    0x00000212   0x00000212   0x00000008   Code   RO           30    .text.SysTick_Handler  interrupts_hc32l19x.o
    0x0000021a   0x0000021a   0x00000002   PAD
    0x0000021c   0x0000021c   0x000000f8   Code   RO          151    .text.Sysctrl_GetHClkFreq  sysctrl.o
    0x00000314   0x00000314   0x00000028   Code   RO           11    .text.SystemCoreClockUpdate  system_hc32l19x.o
    0x0000033c   0x0000033c   0x00000074   Code   RO           13    .text.SystemInit    system_hc32l19x.o
    0x000003b0   0x000003b0   0x00000008   Code   RO           60    .text.TIM0_IRQHandler  interrupts_hc32l19x.o
    0x000003b8   0x000003b8   0x00000008   Code   RO           62    .text.TIM1_IRQHandler  interrupts_hc32l19x.o
    0x000003c0   0x000003c0   0x00000008   Code   RO           64    .text.TIM2_IRQHandler  interrupts_hc32l19x.o
    0x000003c8   0x000003c8   0x00000008   Code   RO           42    .text.TIM3_IRQHandler  interrupts_hc32l19x.o
    0x000003d0   0x000003d0   0x00000008   Code   RO           68    .text.TIM4_IRQHandler  interrupts_hc32l19x.o
    0x000003d8   0x000003d8   0x00000008   Code   RO           70    .text.TIM5_IRQHandler  interrupts_hc32l19x.o
    0x000003e0   0x000003e0   0x00000008   Code   RO           72    .text.TIM6_IRQHandler  interrupts_hc32l19x.o
    0x000003e8   0x000003e8   0x0000000c   Code   RO           44    .text.UART0_2_IRQHandler  interrupts_hc32l19x.o
    0x000003f4   0x000003f4   0x0000000c   Code   RO           46    .text.UART1_3_IRQHandler  interrupts_hc32l19x.o
    0x00000400   0x00000400   0x00000008   Code   RO           84    .text.VC0_IRQHandler  interrupts_hc32l19x.o
    0x00000408   0x00000408   0x0000000c   Code   RO           86    .text.VC1_2_IRQHandler  interrupts_hc32l19x.o
    0x00000414   0x00000414   0x00000008   Code   RO           76    .text.WDT_IRQHandler  interrupts_hc32l19x.o
    0x0000041c   0x0000041c   0x00000002   Code   RO          104    .text.main          main.o
    0x0000041e   0x0000041e   0x0000000e   Code   RO          220    i.__scatterload_copy  mc_p.l(handlers.o)
    0x0000042c   0x0000042c   0x00000002   Code   RO          221    i.__scatterload_null  mc_p.l(handlers.o)
    0x0000042e   0x0000042e   0x0000000e   Code   RO          222    i.__scatterload_zeroinit  mc_p.l(handlers.o)
    0x0000043c   0x0000043c   0x00000020   Data   RO          219    Region$$Table       anon$$obj.o


    Execution Region RW_IRAM1 (Exec base: 0x20000000, Load base: 0x00000460, Size: 0x00001008, Max: 0x00008000, ABSOLUTE)

    Exec Addr    Load Addr    Size         Type   Attr      Idx    E Section Name        Object

    0x20000000   0x00000460   0x00000004   Data   RW           17    .data.SystemCoreClock  system_hc32l19x.o
    0x20000004   0x00000464   0x00000004   PAD
    0x20000008        -       0x00001000   Zero   RW            1    STACK               startup_hc32l19x.o


==============================================================================

Image component sizes


      Code (inc. data)   RO Data    RW Data    ZI Data      Debug   Object Name

       312          0          0          0          0       6261   interrupts_hc32l19x.o
         2          0          0          0          0        469   main.o
        60         22        192          0       4096        624   startup_hc32l19x.o
       248         34          0          0          0      66053   sysctrl.o
       170         44          0          4          0      54463   system_hc32l19x.o

    ----------------------------------------------------------------------
       794        100        224          4       4100     127870   Object Totals
         0          0         32          0          0          0   (incl. Generated)
         2          0          0          0          4          0   (incl. Padding)

    ----------------------------------------------------------------------

      Code (inc. data)   RO Data    RW Data    ZI Data      Debug   Library Member Name

         0          0          0          0          0          0   entry.o
         0          0          0          0          0          0   entry10a.o
         0          0          0          0          0          0   entry11a.o
         8          4          0          0          0          0   entry2.o
         4          0          0          0          0          0   entry5.o
         0          0          0          0          0          0   entry7b.o
         0          0          0          0          0          0   entry8b.o
         8          4          0          0          0          0   entry9a.o
        30          0          0          0          0          0   handlers.o
        48         10          0          0          0         68   init.o

    ----------------------------------------------------------------------
        98         18          0          0          0         68   Library Totals
         0          0          0          0          0          0   (incl. Padding)

    ----------------------------------------------------------------------

      Code (inc. data)   RO Data    RW Data    ZI Data      Debug   Library Name

        98         18          0          0          0         68   mc_p.l

    ----------------------------------------------------------------------
        98         18          0          0          0         68   Library Totals

    ----------------------------------------------------------------------

==============================================================================


      Code (inc. data)   RO Data    RW Data    ZI Data      Debug   

       892        118        224          4       4100     128030   Grand Totals
       892        118        224          4       4100     128030   ELF Image Totals
       892        118        224          4          0          0   ROM Totals

==============================================================================

    Total RO  Size (Code + RO Data)                 1116 (   1.09kB)
    Total RW  Size (RW Data + ZI Data)              4104 (   4.01kB)
    Total ROM Size (Code + RO Data + RW Data)       1120 (   1.09kB)

==============================================================================

